2026-05-13 10:37:39 [INFO] __main__: === Starting minimal integration tests ===
2026-05-13 10:37:39 [INFO] __main__: Testing module imports (import-safety check)...
2026-05-13 10:37:39 [INFO] __main__: All modules imported safely with no side effects.
2026-05-13 10:37:39 [INFO] __main__: Testing basic utility functions...
2026-05-13 10:37:40 [INFO] __main__: Utility functions passed.
2026-05-13 10:37:40 [INFO] __main__: Testing synthetic reprojection workflow...
2026-05-13 10:40:10 [INFO] __main__: === Starting minimal integration tests ===
2026-05-13 10:40:10 [INFO] __main__: Testing module imports (import-safety check)...
2026-05-13 10:40:10 [INFO] __main__: All modules imported safely with no side effects.
2026-05-13 10:40:10 [INFO] __main__: Testing basic utility functions...
2026-05-13 10:40:11 [INFO] __main__: Utility functions passed.
2026-05-13 10:40:11 [INFO] __main__: Testing synthetic reprojection workflow...
2026-05-13 10:40:16 [INFO] __main__: Reprojection output shape: (1, 11134, 11133)
2026-05-13 10:40:16 [INFO] __main__: Reprojection test passed.
2026-05-13 10:40:16 [INFO] __main__: Ensuring download modules can be imported without side-effects...
2026-05-13 10:40:16 [INFO] __main__: ERA5 and CONUS404 modules import cleanly without triggering downloads.
2026-05-13 10:40:16 [INFO] __main__: === All tests passed successfully ===
2026-05-13 11:11:43 [INFO] __main__: === Starting minimal integration tests ===
2026-05-13 11:11:43 [INFO] __main__: Testing module imports (import-safety check)...
2026-05-13 11:11:43 [INFO] __main__: All modules imported safely with no side effects.
2026-05-13 11:11:43 [INFO] __main__: Testing basic utility functions...
2026-05-13 11:11:44 [INFO] __main__: Utility functions passed.
2026-05-13 11:11:44 [INFO] __main__: Testing synthetic reprojection workflow...
2026-05-13 11:11:50 [INFO] __main__: Reprojection output shape: (1, 11134, 11133)
2026-05-13 11:11:50 [INFO] __main__: Reprojection test passed.
2026-05-13 11:11:50 [INFO] __main__: Ensuring download modules can be imported without side-effects...
2026-05-13 11:11:50 [INFO] __main__: ERA5 and CONUS404 modules import cleanly without triggering downloads.
2026-05-13 11:11:50 [INFO] __main__: === All tests passed successfully ===
2026-05-13 11:12:29 [INFO] __main__: === Starting minimal integration tests ===
2026-05-13 11:12:29 [INFO] __main__: Testing module imports (import-safety check)...
2026-05-13 11:12:29 [INFO] __main__: All modules imported safely with no side effects.
2026-05-13 11:12:29 [INFO] __main__: Testing basic utility functions...
2026-05-13 11:12:30 [INFO] __main__: Utility functions passed.
2026-05-13 11:12:30 [INFO] __main__: Testing synthetic reprojection workflow...
2026-05-13 11:12:36 [INFO] __main__: Reprojection output shape: (1, 11134, 11133)
2026-05-13 11:12:36 [INFO] __main__: Reprojection test passed.
2026-05-13 11:12:36 [INFO] __main__: Ensuring download modules can be imported without side-effects...
2026-05-13 11:12:36 [INFO] __main__: ERA5 and CONUS404 modules import cleanly without triggering downloads.
2026-05-13 11:12:36 [INFO] __main__: === All tests passed successfully ===
2026-05-13 14:46:41 [INFO] __main__: Starting ERA5 download...
