2026-07-30 16:09:54 [INFO] DownloadLogger: Starting ERA5 download...
2026-07-30 16:09:54 [INFO] DownloadLogger: Output directory: ..\case_studies\puget_sound\data\raw\ERA5
2026-07-30 16:09:54 [INFO] DownloadLogger: Output area: [49.5, -126, 46.5, -121.5]
2026-07-30 16:09:54 [INFO] DownloadLogger: Output years: [1950, 2026]
2026-07-30 16:09:54 [INFO] DownloadLogger: Output months: [1, 12]
2026-07-30 16:09:54 [INFO] DownloadLogger: Submitting 924 ERA5 monthly downloads using 19 threads.
2026-07-30 16:09:54 [INFO] DownloadLogger: Requesting ERA5 1950-01
2026-07-30 16:09:54 [INFO] DownloadLogger: Requesting ERA5 1950-02
2026-07-30 16:09:54 [INFO] DownloadLogger: Requesting ERA5 1950-03
2026-07-30 16:09:54 [INFO] DownloadLogger: Requesting ERA5 1950-04
2026-07-30 16:09:54 [INFO] DownloadLogger: Requesting ERA5 1950-05
2026-07-30 16:09:54 [INFO] DownloadLogger: Requesting ERA5 1950-06
2026-07-30 16:09:54 [INFO] DownloadLogger: Requesting ERA5 1950-08
2026-07-30 16:09:54 [INFO] DownloadLogger: Requesting ERA5 1950-07
2026-07-30 16:09:54 [INFO] DownloadLogger: Requesting ERA5 1950-09
2026-07-30 16:09:54 [INFO] DownloadLogger: Requesting ERA5 1950-10
2026-07-30 16:09:54 [INFO] DownloadLogger: Requesting ERA5 1950-11
2026-07-30 16:09:54 [INFO] DownloadLogger: Requesting ERA5 1950-12
2026-07-30 16:09:54 [INFO] DownloadLogger: Requesting ERA5 1951-01
2026-07-30 16:09:54 [INFO] DownloadLogger: Requesting ERA5 1951-02
2026-07-30 16:09:54 [INFO] DownloadLogger: Requesting ERA5 1951-03
2026-07-30 16:09:54 [INFO] DownloadLogger: Requesting ERA5 1951-04
2026-07-30 16:09:54 [INFO] DownloadLogger: Requesting ERA5 1951-05
2026-07-30 16:09:54 [INFO] DownloadLogger: Requesting ERA5 1951-06
2026-07-30 16:09:54 [INFO] DownloadLogger: Requesting ERA5 1951-07
2026-07-30 16:18:31 [INFO] DownloadLogger: Completed ERA5 1950-11: ..\case_studies\puget_sound\data\raw\ERA5\ERA5_PNW_1950_11.nc
2026-07-30 16:18:31 [INFO] DownloadLogger: Requesting ERA5 1951-08
2026-07-30 17:16:53 [INFO] DownloadLogger: Completed ERA5 1951-06: ..\case_studies\puget_sound\data\raw\ERA5\ERA5_PNW_1951_06.nc
2026-07-30 17:16:53 [INFO] DownloadLogger: Requesting ERA5 1951-09
2026-07-30 17:37:02 [INFO] DownloadLogger: Completed ERA5 1951-07: ..\case_studies\puget_sound\data\raw\ERA5\ERA5_PNW_1951_07.nc
2026-07-30 17:37:02 [INFO] DownloadLogger: Requesting ERA5 1951-10
2026-07-30 17:57:11 [INFO] DownloadLogger: Completed ERA5 1950-10: ..\case_studies\puget_sound\data\raw\ERA5\ERA5_PNW_1950_10.nc
2026-07-30 17:57:11 [INFO] DownloadLogger: Requesting ERA5 1951-11
2026-07-30 18:09:14 [INFO] DownloadLogger: Completed ERA5 1951-04: ..\case_studies\puget_sound\data\raw\ERA5\ERA5_PNW_1951_04.nc
2026-07-30 18:09:14 [INFO] DownloadLogger: Requesting ERA5 1951-12
2026-07-30 18:27:32 [INFO] DownloadLogger: Completed ERA5 1951-05: ..\case_studies\puget_sound\data\raw\ERA5\ERA5_PNW_1951_05.nc
2026-07-30 18:27:32 [INFO] DownloadLogger: Requesting ERA5 1952-01
2026-07-30 18:41:25 [INFO] DownloadLogger: Completed ERA5 1951-02: ..\case_studies\puget_sound\data\raw\ERA5\ERA5_PNW_1951_02.nc
2026-07-30 18:41:25 [INFO] DownloadLogger: Requesting ERA5 1952-02
2026-07-30 18:55:34 [INFO] DownloadLogger: Completed ERA5 1950-06: ..\case_studies\puget_sound\data\raw\ERA5\ERA5_PNW_1950_06.nc
2026-07-30 18:55:34 [INFO] DownloadLogger: Requesting ERA5 1952-03
2026-07-30 19:25:48 [INFO] DownloadLogger: Completed ERA5 1950-07: ..\case_studies\puget_sound\data\raw\ERA5\ERA5_PNW_1950_07.nc
2026-07-30 19:25:48 [INFO] DownloadLogger: Requesting ERA5 1952-04
2026-07-30 19:47:53 [INFO] DownloadLogger: Completed ERA5 1951-03: ..\case_studies\puget_sound\data\raw\ERA5\ERA5_PNW_1951_03.nc
2026-07-30 19:47:53 [INFO] DownloadLogger: Requesting ERA5 1952-05
2026-07-30 20:01:58 [INFO] DownloadLogger: Completed ERA5 1950-09: ..\case_studies\puget_sound\data\raw\ERA5\ERA5_PNW_1950_09.nc
2026-07-30 20:01:58 [INFO] DownloadLogger: Requesting ERA5 1952-06
2026-07-30 20:28:14 [INFO] DownloadLogger: Completed ERA5 1950-02: ..\case_studies\puget_sound\data\raw\ERA5\ERA5_PNW_1950_02.nc
2026-07-30 20:28:14 [INFO] DownloadLogger: Requesting ERA5 1952-07
2026-07-30 21:12:32 [INFO] DownloadLogger: Completed ERA5 1951-01: ..\case_studies\puget_sound\data\raw\ERA5\ERA5_PNW_1951_01.nc
2026-07-30 21:12:32 [INFO] DownloadLogger: Requesting ERA5 1952-08
2026-07-30 21:28:43 [INFO] DownloadLogger: Completed ERA5 1950-12: ..\case_studies\puget_sound\data\raw\ERA5\ERA5_PNW_1950_12.nc
2026-07-30 21:28:43 [INFO] DownloadLogger: Requesting ERA5 1952-09
2026-07-30 21:38:45 [INFO] DownloadLogger: Completed ERA5 1950-04: ..\case_studies\puget_sound\data\raw\ERA5\ERA5_PNW_1950_04.nc
2026-07-30 21:38:45 [INFO] DownloadLogger: Requesting ERA5 1952-10
2026-07-30 22:08:52 [INFO] DownloadLogger: Completed ERA5 1950-05: ..\case_studies\puget_sound\data\raw\ERA5\ERA5_PNW_1950_05.nc
2026-07-30 22:08:52 [INFO] DownloadLogger: Requesting ERA5 1952-11
2026-07-30 22:14:54 [INFO] DownloadLogger: Completed ERA5 1950-03: ..\case_studies\puget_sound\data\raw\ERA5\ERA5_PNW_1950_03.nc
2026-07-30 22:14:54 [INFO] DownloadLogger: Requesting ERA5 1952-12
2026-07-30 23:09:20 [INFO] DownloadLogger: Completed ERA5 1950-01: ..\case_studies\puget_sound\data\raw\ERA5\ERA5_PNW_1950_01.nc
2026-07-30 23:09:20 [INFO] DownloadLogger: Requesting ERA5 1953-01
2026-07-30 23:27:32 [INFO] DownloadLogger: Completed ERA5 1950-08: ..\case_studies\puget_sound\data\raw\ERA5\ERA5_PNW_1950_08.nc
2026-07-30 23:27:32 [INFO] DownloadLogger: Requesting ERA5 1953-02
2026-07-31 00:06:24 [INFO] DownloadLogger: Completed ERA5 1951-08: ..\case_studies\puget_sound\data\raw\ERA5\ERA5_PNW_1951_08.nc
2026-07-31 00:06:24 [INFO] DownloadLogger: Requesting ERA5 1953-03
2026-07-31 02:10:46 [INFO] DownloadLogger: Completed ERA5 1951-10: ..\case_studies\puget_sound\data\raw\ERA5\ERA5_PNW_1951_10.nc
2026-07-31 02:10:46 [INFO] DownloadLogger: Requesting ERA5 1953-04
2026-07-31 02:10:48 [INFO] DownloadLogger: Completed ERA5 1951-09: ..\case_studies\puget_sound\data\raw\ERA5\ERA5_PNW_1951_09.nc
2026-07-31 02:10:48 [INFO] DownloadLogger: Requesting ERA5 1953-05
2026-07-31 02:10:48 [INFO] DownloadLogger: Completed ERA5 1952-02: ..\case_studies\puget_sound\data\raw\ERA5\ERA5_PNW_1952_02.nc
2026-07-31 02:10:48 [INFO] DownloadLogger: Requesting ERA5 1953-06
2026-07-31 02:10:49 [INFO] DownloadLogger: Completed ERA5 1951-12: ..\case_studies\puget_sound\data\raw\ERA5\ERA5_PNW_1951_12.nc
2026-07-31 02:10:49 [INFO] DownloadLogger: Requesting ERA5 1953-07
2026-07-31 02:10:49 [INFO] DownloadLogger: Completed ERA5 1951-11: ..\case_studies\puget_sound\data\raw\ERA5\ERA5_PNW_1951_11.nc
2026-07-31 02:10:49 [INFO] DownloadLogger: Requesting ERA5 1953-08
2026-07-31 02:11:11 [INFO] DownloadLogger: Completed ERA5 1952-01: ..\case_studies\puget_sound\data\raw\ERA5\ERA5_PNW_1952_01.nc
2026-07-31 02:11:11 [INFO] DownloadLogger: Requesting ERA5 1953-09
2026-07-31 02:22:58 [INFO] DownloadLogger: Completed ERA5 1952-03: ..\case_studies\puget_sound\data\raw\ERA5\ERA5_PNW_1952_03.nc
2026-07-31 02:22:58 [INFO] DownloadLogger: Requesting ERA5 1953-10
2026-07-31 02:37:09 [INFO] DownloadLogger: Completed ERA5 1952-04: ..\case_studies\puget_sound\data\raw\ERA5\ERA5_PNW_1952_04.nc
2026-07-31 02:37:09 [INFO] DownloadLogger: Requesting ERA5 1953-11
2026-07-31 02:53:11 [INFO] DownloadLogger: Completed ERA5 1952-05: ..\case_studies\puget_sound\data\raw\ERA5\ERA5_PNW_1952_05.nc
2026-07-31 02:53:11 [INFO] DownloadLogger: Requesting ERA5 1953-12
2026-07-31 03:39:27 [INFO] DownloadLogger: Completed ERA5 1952-06: ..\case_studies\puget_sound\data\raw\ERA5\ERA5_PNW_1952_06.nc
2026-07-31 03:39:27 [INFO] DownloadLogger: Requesting ERA5 1954-01
2026-07-31 03:59:35 [INFO] DownloadLogger: Completed ERA5 1952-07: ..\case_studies\puget_sound\data\raw\ERA5\ERA5_PNW_1952_07.nc
2026-07-31 03:59:35 [INFO] DownloadLogger: Requesting ERA5 1954-02
2026-07-31 04:05:37 [INFO] DownloadLogger: Completed ERA5 1952-08: ..\case_studies\puget_sound\data\raw\ERA5\ERA5_PNW_1952_08.nc
2026-07-31 04:05:37 [INFO] DownloadLogger: Requesting ERA5 1954-03
2026-07-31 04:17:50 [INFO] DownloadLogger: Completed ERA5 1952-09: ..\case_studies\puget_sound\data\raw\ERA5\ERA5_PNW_1952_09.nc
2026-07-31 04:17:50 [INFO] DownloadLogger: Requesting ERA5 1954-04
2026-07-31 04:41:54 [INFO] DownloadLogger: Completed ERA5 1952-10: ..\case_studies\puget_sound\data\raw\ERA5\ERA5_PNW_1952_10.nc
2026-07-31 04:41:54 [INFO] DownloadLogger: Requesting ERA5 1954-05
2026-07-31 05:04:04 [INFO] DownloadLogger: Completed ERA5 1952-11: ..\case_studies\puget_sound\data\raw\ERA5\ERA5_PNW_1952_11.nc
2026-07-31 05:04:04 [INFO] DownloadLogger: Requesting ERA5 1954-06
2026-07-31 05:16:17 [INFO] DownloadLogger: Completed ERA5 1952-12: ..\case_studies\puget_sound\data\raw\ERA5\ERA5_PNW_1952_12.nc
2026-07-31 05:16:17 [INFO] DownloadLogger: Requesting ERA5 1954-07
2026-07-31 05:28:08 [INFO] DownloadLogger: Completed ERA5 1953-01: ..\case_studies\puget_sound\data\raw\ERA5\ERA5_PNW_1953_01.nc
2026-07-31 05:28:08 [INFO] DownloadLogger: Requesting ERA5 1954-08
2026-07-31 05:46:21 [INFO] DownloadLogger: Completed ERA5 1953-02: ..\case_studies\puget_sound\data\raw\ERA5\ERA5_PNW_1953_02.nc
2026-07-31 05:46:21 [INFO] DownloadLogger: Requesting ERA5 1954-09
2026-07-31 06:55:51 [INFO] DownloadLogger: Completed ERA5 1953-03: ..\case_studies\puget_sound\data\raw\ERA5\ERA5_PNW_1953_03.nc
2026-07-31 06:55:51 [INFO] DownloadLogger: Requesting ERA5 1954-10
2026-07-31 07:01:26 [INFO] DownloadLogger: Completed ERA5 1953-04: ..\case_studies\puget_sound\data\raw\ERA5\ERA5_PNW_1953_04.nc
2026-07-31 07:01:26 [INFO] DownloadLogger: Requesting ERA5 1954-11
2026-07-31 07:13:30 [INFO] DownloadLogger: Completed ERA5 1953-05: ..\case_studies\puget_sound\data\raw\ERA5\ERA5_PNW_1953_05.nc
2026-07-31 07:13:30 [INFO] DownloadLogger: Requesting ERA5 1954-12
2026-07-31 07:29:36 [INFO] DownloadLogger: Completed ERA5 1953-06: ..\case_studies\puget_sound\data\raw\ERA5\ERA5_PNW_1953_06.nc
2026-07-31 07:29:36 [INFO] DownloadLogger: Requesting ERA5 1955-01
2026-07-31 08:13:58 [INFO] DownloadLogger: Completed ERA5 1953-07: ..\case_studies\puget_sound\data\raw\ERA5\ERA5_PNW_1953_07.nc
2026-07-31 08:13:58 [INFO] DownloadLogger: Requesting ERA5 1955-02
2026-07-31 08:23:56 [INFO] DownloadLogger: Completed ERA5 1953-08: ..\case_studies\puget_sound\data\raw\ERA5\ERA5_PNW_1953_08.nc
2026-07-31 08:23:56 [INFO] DownloadLogger: Requesting ERA5 1955-03
2026-07-31 08:34:47 [INFO] DownloadLogger: Completed ERA5 1953-09: ..\case_studies\puget_sound\data\raw\ERA5\ERA5_PNW_1953_09.nc
2026-07-31 08:34:47 [INFO] DownloadLogger: Requesting ERA5 1955-04
2026-07-31 08:44:12 [INFO] DownloadLogger: Completed ERA5 1953-10: ..\case_studies\puget_sound\data\raw\ERA5\ERA5_PNW_1953_10.nc
2026-07-31 08:44:12 [INFO] DownloadLogger: Requesting ERA5 1955-05
2026-07-31 09:22:40 [INFO] DownloadLogger: Completed ERA5 1953-11: ..\case_studies\puget_sound\data\raw\ERA5\ERA5_PNW_1953_11.nc
2026-07-31 09:22:40 [INFO] DownloadLogger: Requesting ERA5 1955-06
2026-07-31 09:28:33 [INFO] DownloadLogger: Completed ERA5 1953-12: ..\case_studies\puget_sound\data\raw\ERA5\ERA5_PNW_1953_12.nc
2026-07-31 09:28:33 [INFO] DownloadLogger: Requesting ERA5 1955-07
2026-07-31 09:48:43 [INFO] DownloadLogger: Completed ERA5 1954-01: ..\case_studies\puget_sound\data\raw\ERA5\ERA5_PNW_1954_01.nc
2026-07-31 09:48:43 [INFO] DownloadLogger: Requesting ERA5 1955-08
2026-07-31 10:00:52 [INFO] DownloadLogger: Completed ERA5 1954-02: ..\case_studies\puget_sound\data\raw\ERA5\ERA5_PNW_1954_02.nc
2026-07-31 10:00:52 [INFO] DownloadLogger: Requesting ERA5 1955-09
2026-07-31 10:17:18 [INFO] DownloadLogger: Completed ERA5 1954-03: ..\case_studies\puget_sound\data\raw\ERA5\ERA5_PNW_1954_03.nc
2026-07-31 10:17:18 [INFO] DownloadLogger: Requesting ERA5 1955-10
2026-07-31 10:55:07 [INFO] DownloadLogger: Completed ERA5 1954-04: ..\case_studies\puget_sound\data\raw\ERA5\ERA5_PNW_1954_04.nc
2026-07-31 10:55:07 [INFO] DownloadLogger: Requesting ERA5 1955-11
2026-07-31 11:07:20 [INFO] DownloadLogger: Completed ERA5 1954-05: ..\case_studies\puget_sound\data\raw\ERA5\ERA5_PNW_1954_05.nc
2026-07-31 11:07:20 [INFO] DownloadLogger: Requesting ERA5 1955-12
2026-07-31 11:51:53 [INFO] DownloadLogger: Completed ERA5 1954-06: ..\case_studies\puget_sound\data\raw\ERA5\ERA5_PNW_1954_06.nc
2026-07-31 11:51:53 [INFO] DownloadLogger: Requesting ERA5 1956-01
2026-07-31 12:03:40 [INFO] DownloadLogger: Completed ERA5 1954-07: ..\case_studies\puget_sound\data\raw\ERA5\ERA5_PNW_1954_07.nc
2026-07-31 12:03:40 [INFO] DownloadLogger: Requesting ERA5 1956-02
2026-07-31 12:23:54 [INFO] DownloadLogger: Completed ERA5 1954-08: ..\case_studies\puget_sound\data\raw\ERA5\ERA5_PNW_1954_08.nc
2026-07-31 12:23:54 [INFO] DownloadLogger: Requesting ERA5 1956-03
2026-07-31 12:56:09 [INFO] DownloadLogger: Completed ERA5 1954-09: ..\case_studies\puget_sound\data\raw\ERA5\ERA5_PNW_1954_09.nc
2026-07-31 12:56:09 [INFO] DownloadLogger: Requesting ERA5 1956-04
2026-07-31 13:31:46 [INFO] DownloadLogger: Completed ERA5 1954-10: ..\case_studies\puget_sound\data\raw\ERA5\ERA5_PNW_1954_10.nc
2026-07-31 13:31:46 [INFO] DownloadLogger: Requesting ERA5 1956-05
2026-07-31 13:57:01 [INFO] DownloadLogger: Completed ERA5 1954-11: ..\case_studies\puget_sound\data\raw\ERA5\ERA5_PNW_1954_11.nc
2026-07-31 13:57:01 [INFO] DownloadLogger: Requesting ERA5 1956-06
2026-07-31 14:11:21 [INFO] DownloadLogger: Completed ERA5 1954-12: ..\case_studies\puget_sound\data\raw\ERA5\ERA5_PNW_1954_12.nc
2026-07-31 14:11:21 [INFO] DownloadLogger: Requesting ERA5 1956-07
2026-07-31 14:27:23 [INFO] DownloadLogger: Completed ERA5 1955-01: ..\case_studies\puget_sound\data\raw\ERA5\ERA5_PNW_1955_01.nc
2026-07-31 14:27:23 [INFO] DownloadLogger: Requesting ERA5 1956-08
2026-07-31 14:35:34 [INFO] DownloadLogger: Completed ERA5 1955-02: ..\case_studies\puget_sound\data\raw\ERA5\ERA5_PNW_1955_02.nc
2026-07-31 14:35:34 [INFO] DownloadLogger: Requesting ERA5 1956-09
2026-07-31 14:57:27 [INFO] DownloadLogger: Completed ERA5 1955-03: ..\case_studies\puget_sound\data\raw\ERA5\ERA5_PNW_1955_03.nc
2026-07-31 14:57:27 [INFO] DownloadLogger: Requesting ERA5 1956-10
2026-07-31 15:31:00 [INFO] DownloadLogger: Completed ERA5 1955-04: ..\case_studies\puget_sound\data\raw\ERA5\ERA5_PNW_1955_04.nc
2026-07-31 15:31:00 [INFO] DownloadLogger: Requesting ERA5 1956-11
2026-07-31 15:54:07 [INFO] DownloadLogger: Completed ERA5 1955-05: ..\case_studies\puget_sound\data\raw\ERA5\ERA5_PNW_1955_05.nc
2026-07-31 15:54:07 [INFO] DownloadLogger: Requesting ERA5 1956-12
2026-07-31 16:50:16 [INFO] DownloadLogger: Completed ERA5 1955-06: ..\case_studies\puget_sound\data\raw\ERA5\ERA5_PNW_1955_06.nc
2026-07-31 16:50:16 [INFO] DownloadLogger: Requesting ERA5 1957-01
2026-07-31 17:10:25 [INFO] DownloadLogger: Completed ERA5 1955-07: ..\case_studies\puget_sound\data\raw\ERA5\ERA5_PNW_1955_07.nc
2026-07-31 17:10:25 [INFO] DownloadLogger: Requesting ERA5 1957-02
2026-07-31 17:24:36 [INFO] DownloadLogger: Completed ERA5 1955-08: ..\case_studies\puget_sound\data\raw\ERA5\ERA5_PNW_1955_08.nc
2026-07-31 17:24:36 [INFO] DownloadLogger: Requesting ERA5 1957-03
2026-07-31 18:09:08 [INFO] DownloadLogger: Completed ERA5 1955-09: ..\case_studies\puget_sound\data\raw\ERA5\ERA5_PNW_1955_09.nc
2026-07-31 18:09:08 [INFO] DownloadLogger: Requesting ERA5 1957-04
2026-07-31 18:21:33 [INFO] DownloadLogger: Completed ERA5 1955-10: ..\case_studies\puget_sound\data\raw\ERA5\ERA5_PNW_1955_10.nc
2026-07-31 18:21:33 [INFO] DownloadLogger: Requesting ERA5 1957-05
2026-07-31 18:37:08 [INFO] DownloadLogger: Completed ERA5 1955-11: ..\case_studies\puget_sound\data\raw\ERA5\ERA5_PNW_1955_11.nc
2026-07-31 18:37:08 [INFO] DownloadLogger: Requesting ERA5 1957-06
2026-07-31 18:49:25 [INFO] DownloadLogger: Completed ERA5 1955-12: ..\case_studies\puget_sound\data\raw\ERA5\ERA5_PNW_1955_12.nc
2026-07-31 18:49:25 [INFO] DownloadLogger: Requesting ERA5 1957-07
2026-07-31 19:05:47 [INFO] DownloadLogger: Completed ERA5 1956-01: ..\case_studies\puget_sound\data\raw\ERA5\ERA5_PNW_1956_01.nc
2026-07-31 19:05:47 [INFO] DownloadLogger: Requesting ERA5 1957-08
2026-07-31 19:11:19 [INFO] DownloadLogger: Completed ERA5 1956-02: ..\case_studies\puget_sound\data\raw\ERA5\ERA5_PNW_1956_02.nc
2026-07-31 19:11:19 [INFO] DownloadLogger: Requesting ERA5 1957-09
2026-07-31 19:21:23 [INFO] DownloadLogger: Completed ERA5 1956-03: ..\case_studies\puget_sound\data\raw\ERA5\ERA5_PNW_1956_03.nc
2026-07-31 19:21:23 [INFO] DownloadLogger: Requesting ERA5 1957-10
2026-07-31 20:01:37 [INFO] DownloadLogger: Completed ERA5 1956-04: ..\case_studies\puget_sound\data\raw\ERA5\ERA5_PNW_1956_04.nc
2026-07-31 20:01:37 [INFO] DownloadLogger: Requesting ERA5 1957-11
2026-07-31 20:19:32 [INFO] DownloadLogger: Completed ERA5 1956-05: ..\case_studies\puget_sound\data\raw\ERA5\ERA5_PNW_1956_05.nc
2026-07-31 20:19:32 [INFO] DownloadLogger: Requesting ERA5 1957-12
2026-07-31 20:44:29 [INFO] DownloadLogger: Completed ERA5 1956-06: ..\case_studies\puget_sound\data\raw\ERA5\ERA5_PNW_1956_06.nc
2026-07-31 20:44:29 [INFO] DownloadLogger: Requesting ERA5 1958-01
2026-07-31 21:37:28 [INFO] DownloadLogger: Completed ERA5 1956-07: ..\case_studies\puget_sound\data\raw\ERA5\ERA5_PNW_1956_07.nc
2026-07-31 21:37:28 [INFO] DownloadLogger: Requesting ERA5 1958-02
2026-07-31 21:53:00 [INFO] DownloadLogger: Completed ERA5 1956-08: ..\case_studies\puget_sound\data\raw\ERA5\ERA5_PNW_1956_08.nc
2026-07-31 21:53:00 [INFO] DownloadLogger: Requesting ERA5 1958-03
2026-07-31 22:11:16 [INFO] DownloadLogger: Completed ERA5 1956-09: ..\case_studies\puget_sound\data\raw\ERA5\ERA5_PNW_1956_09.nc
2026-07-31 22:11:16 [INFO] DownloadLogger: Requesting ERA5 1958-04
2026-07-31 22:31:16 [INFO] DownloadLogger: Completed ERA5 1956-10: ..\case_studies\puget_sound\data\raw\ERA5\ERA5_PNW_1956_10.nc
2026-07-31 22:31:16 [INFO] DownloadLogger: Requesting ERA5 1958-05
2026-07-31 23:04:44 [INFO] DownloadLogger: Completed ERA5 1956-11: ..\case_studies\puget_sound\data\raw\ERA5\ERA5_PNW_1956_11.nc
2026-07-31 23:04:44 [INFO] DownloadLogger: Requesting ERA5 1958-06
2026-07-31 23:17:35 [INFO] DownloadLogger: Completed ERA5 1956-12: ..\case_studies\puget_sound\data\raw\ERA5\ERA5_PNW_1956_12.nc
2026-07-31 23:17:35 [INFO] DownloadLogger: Requesting ERA5 1958-07
2026-07-31 23:21:32 [INFO] DownloadLogger: Completed ERA5 1957-01: ..\case_studies\puget_sound\data\raw\ERA5\ERA5_PNW_1957_01.nc
2026-07-31 23:21:32 [INFO] DownloadLogger: Requesting ERA5 1958-08
2026-08-01 00:05:50 [INFO] DownloadLogger: Completed ERA5 1957-02: ..\case_studies\puget_sound\data\raw\ERA5\ERA5_PNW_1957_02.nc
2026-08-01 00:05:50 [INFO] DownloadLogger: Requesting ERA5 1958-09
2026-08-01 00:20:02 [INFO] DownloadLogger: Completed ERA5 1957-03: ..\case_studies\puget_sound\data\raw\ERA5\ERA5_PNW_1957_03.nc
2026-08-01 00:20:02 [INFO] DownloadLogger: Requesting ERA5 1958-10
2026-08-01 00:32:28 [INFO] DownloadLogger: Completed ERA5 1957-04: ..\case_studies\puget_sound\data\raw\ERA5\ERA5_PNW_1957_04.nc
2026-08-01 00:32:28 [INFO] DownloadLogger: Requesting ERA5 1958-11
2026-08-01 00:52:40 [INFO] DownloadLogger: Completed ERA5 1957-05: ..\case_studies\puget_sound\data\raw\ERA5\ERA5_PNW_1957_05.nc
2026-08-01 00:52:40 [INFO] DownloadLogger: Requesting ERA5 1958-12
2026-08-01 01:02:16 [INFO] DownloadLogger: Completed ERA5 1957-06: ..\case_studies\puget_sound\data\raw\ERA5\ERA5_PNW_1957_06.nc
2026-08-01 01:02:16 [INFO] DownloadLogger: Requesting ERA5 1959-01
2026-08-01 01:28:53 [INFO] DownloadLogger: Completed ERA5 1957-07: ..\case_studies\puget_sound\data\raw\ERA5\ERA5_PNW_1957_07.nc
2026-08-01 01:28:53 [INFO] DownloadLogger: Requesting ERA5 1959-02
2026-08-01 01:45:00 [INFO] DownloadLogger: Completed ERA5 1957-08: ..\case_studies\puget_sound\data\raw\ERA5\ERA5_PNW_1957_08.nc
2026-08-01 01:45:00 [INFO] DownloadLogger: Requesting ERA5 1959-03
2026-08-01 02:06:41 [INFO] DownloadLogger: Completed ERA5 1957-09: ..\case_studies\puget_sound\data\raw\ERA5\ERA5_PNW_1957_09.nc
2026-08-01 02:06:41 [INFO] DownloadLogger: Requesting ERA5 1959-04
2026-08-01 02:47:11 [INFO] DownloadLogger: Completed ERA5 1957-10: ..\case_studies\puget_sound\data\raw\ERA5\ERA5_PNW_1957_10.nc
2026-08-01 02:47:11 [INFO] DownloadLogger: Requesting ERA5 1959-05
2026-08-01 02:56:51 [INFO] DownloadLogger: Completed ERA5 1957-11: ..\case_studies\puget_sound\data\raw\ERA5\ERA5_PNW_1957_11.nc
2026-08-01 02:56:51 [INFO] DownloadLogger: Requesting ERA5 1959-06
2026-08-01 03:47:20 [INFO] DownloadLogger: Completed ERA5 1957-12: ..\case_studies\puget_sound\data\raw\ERA5\ERA5_PNW_1957_12.nc
2026-08-01 03:47:20 [INFO] DownloadLogger: Requesting ERA5 1959-07
2026-08-01 03:58:16 [INFO] DownloadLogger: Completed ERA5 1958-01: ..\case_studies\puget_sound\data\raw\ERA5\ERA5_PNW_1958_01.nc
2026-08-01 03:58:16 [INFO] DownloadLogger: Requesting ERA5 1959-08
2026-08-01 04:18:57 [INFO] DownloadLogger: Completed ERA5 1958-02: ..\case_studies\puget_sound\data\raw\ERA5\ERA5_PNW_1958_02.nc
2026-08-01 04:18:57 [INFO] DownloadLogger: Requesting ERA5 1959-09
2026-08-01 04:36:09 [INFO] DownloadLogger: Completed ERA5 1958-03: ..\case_studies\puget_sound\data\raw\ERA5\ERA5_PNW_1958_03.nc
2026-08-01 04:36:09 [INFO] DownloadLogger: Requesting ERA5 1959-10
2026-08-01 04:54:47 [INFO] DownloadLogger: Completed ERA5 1958-04: ..\case_studies\puget_sound\data\raw\ERA5\ERA5_PNW_1958_04.nc
2026-08-01 04:54:47 [INFO] DownloadLogger: Requesting ERA5 1959-11
2026-08-01 05:10:30 [INFO] DownloadLogger: Completed ERA5 1958-05: ..\case_studies\puget_sound\data\raw\ERA5\ERA5_PNW_1958_05.nc
2026-08-01 05:10:30 [INFO] DownloadLogger: Requesting ERA5 1959-12
2026-08-01 05:19:59 [INFO] DownloadLogger: Completed ERA5 1958-06: ..\case_studies\puget_sound\data\raw\ERA5\ERA5_PNW_1958_06.nc
2026-08-01 05:19:59 [INFO] DownloadLogger: Requesting ERA5 1960-01
2026-08-01 05:28:31 [INFO] DownloadLogger: Completed ERA5 1958-07: ..\case_studies\puget_sound\data\raw\ERA5\ERA5_PNW_1958_07.nc
2026-08-01 05:28:31 [INFO] DownloadLogger: Requesting ERA5 1960-02
2026-08-01 05:44:45 [INFO] DownloadLogger: Completed ERA5 1958-08: ..\case_studies\puget_sound\data\raw\ERA5\ERA5_PNW_1958_08.nc
2026-08-01 05:44:45 [INFO] DownloadLogger: Requesting ERA5 1960-03
2026-08-01 06:02:49 [INFO] DownloadLogger: Completed ERA5 1958-09: ..\case_studies\puget_sound\data\raw\ERA5\ERA5_PNW_1958_09.nc
2026-08-01 06:02:49 [INFO] DownloadLogger: Requesting ERA5 1960-04
2026-08-01 06:32:58 [INFO] DownloadLogger: Completed ERA5 1958-10: ..\case_studies\puget_sound\data\raw\ERA5\ERA5_PNW_1958_10.nc
2026-08-01 06:32:58 [INFO] DownloadLogger: Requesting ERA5 1960-05
2026-08-01 06:45:35 [INFO] DownloadLogger: Completed ERA5 1958-11: ..\case_studies\puget_sound\data\raw\ERA5\ERA5_PNW_1958_11.nc
2026-08-01 06:45:35 [INFO] DownloadLogger: Requesting ERA5 1960-06
2026-08-01 07:18:11 [INFO] DownloadLogger: Completed ERA5 1958-12: ..\case_studies\puget_sound\data\raw\ERA5\ERA5_PNW_1958_12.nc
2026-08-01 07:18:11 [INFO] DownloadLogger: Requesting ERA5 1960-07
2026-08-01 07:43:35 [INFO] DownloadLogger: Completed ERA5 1959-01: ..\case_studies\puget_sound\data\raw\ERA5\ERA5_PNW_1959_01.nc
2026-08-01 07:43:35 [INFO] DownloadLogger: Requesting ERA5 1960-08
2026-08-01 07:52:01 [INFO] DownloadLogger: Completed ERA5 1959-02: ..\case_studies\puget_sound\data\raw\ERA5\ERA5_PNW_1959_02.nc
2026-08-01 07:52:01 [INFO] DownloadLogger: Requesting ERA5 1960-09
2026-08-01 08:08:05 [INFO] DownloadLogger: Completed ERA5 1959-03: ..\case_studies\puget_sound\data\raw\ERA5\ERA5_PNW_1959_03.nc
2026-08-01 08:08:05 [INFO] DownloadLogger: Requesting ERA5 1960-10
2026-08-01 08:29:56 [INFO] DownloadLogger: Completed ERA5 1959-04: ..\case_studies\puget_sound\data\raw\ERA5\ERA5_PNW_1959_04.nc
2026-08-01 08:29:56 [INFO] DownloadLogger: Requesting ERA5 1960-11
2026-08-01 08:40:18 [INFO] DownloadLogger: Completed ERA5 1959-05: ..\case_studies\puget_sound\data\raw\ERA5\ERA5_PNW_1959_05.nc
2026-08-01 08:40:18 [INFO] DownloadLogger: Requesting ERA5 1960-12
2026-08-01 08:53:53 [INFO] DownloadLogger: Completed ERA5 1959-06: ..\case_studies\puget_sound\data\raw\ERA5\ERA5_PNW_1959_06.nc
2026-08-01 08:53:53 [INFO] DownloadLogger: Requesting ERA5 1961-01
2026-08-01 09:10:13 [INFO] DownloadLogger: Completed ERA5 1959-07: ..\case_studies\puget_sound\data\raw\ERA5\ERA5_PNW_1959_07.nc
2026-08-01 09:10:13 [INFO] DownloadLogger: Requesting ERA5 1961-02
2026-08-01 09:27:16 [INFO] DownloadLogger: Completed ERA5 1959-08: ..\case_studies\puget_sound\data\raw\ERA5\ERA5_PNW_1959_08.nc
2026-08-01 09:27:16 [INFO] DownloadLogger: Requesting ERA5 1961-03
2026-08-01 09:35:59 [INFO] DownloadLogger: Completed ERA5 1959-09: ..\case_studies\puget_sound\data\raw\ERA5\ERA5_PNW_1959_09.nc
2026-08-01 09:35:59 [INFO] DownloadLogger: Requesting ERA5 1961-04
2026-08-01 10:13:08 [INFO] DownloadLogger: Completed ERA5 1959-10: ..\case_studies\puget_sound\data\raw\ERA5\ERA5_PNW_1959_10.nc
2026-08-01 10:13:08 [INFO] DownloadLogger: Requesting ERA5 1961-05
2026-08-01 10:35:40 [INFO] DownloadLogger: Completed ERA5 1959-11: ..\case_studies\puget_sound\data\raw\ERA5\ERA5_PNW_1959_11.nc
2026-08-01 10:35:40 [INFO] DownloadLogger: Requesting ERA5 1961-06
2026-08-01 11:05:28 [INFO] DownloadLogger: Completed ERA5 1959-12: ..\case_studies\puget_sound\data\raw\ERA5\ERA5_PNW_1959_12.nc
2026-08-01 11:05:28 [INFO] DownloadLogger: Requesting ERA5 1961-07
2026-08-01 11:20:57 [INFO] DownloadLogger: Completed ERA5 1960-01: ..\case_studies\puget_sound\data\raw\ERA5\ERA5_PNW_1960_01.nc
2026-08-01 11:20:57 [INFO] DownloadLogger: Requesting ERA5 1961-08
2026-08-01 11:41:36 [INFO] DownloadLogger: Completed ERA5 1960-02: ..\case_studies\puget_sound\data\raw\ERA5\ERA5_PNW_1960_02.nc
2026-08-01 11:41:36 [INFO] DownloadLogger: Requesting ERA5 1961-09
2026-08-01 11:51:52 [INFO] DownloadLogger: Completed ERA5 1960-03: ..\case_studies\puget_sound\data\raw\ERA5\ERA5_PNW_1960_03.nc
2026-08-01 11:51:52 [INFO] DownloadLogger: Requesting ERA5 1961-10
2026-08-01 12:13:47 [INFO] DownloadLogger: Completed ERA5 1960-04: ..\case_studies\puget_sound\data\raw\ERA5\ERA5_PNW_1960_04.nc
2026-08-01 12:13:47 [INFO] DownloadLogger: Requesting ERA5 1961-11
2026-08-01 12:34:00 [INFO] DownloadLogger: Completed ERA5 1960-05: ..\case_studies\puget_sound\data\raw\ERA5\ERA5_PNW_1960_05.nc
2026-08-01 12:34:00 [INFO] DownloadLogger: Requesting ERA5 1961-12
2026-08-01 12:42:33 [INFO] DownloadLogger: Completed ERA5 1960-06: ..\case_studies\puget_sound\data\raw\ERA5\ERA5_PNW_1960_06.nc
2026-08-01 12:42:33 [INFO] DownloadLogger: Requesting ERA5 1962-01
2026-08-01 12:53:09 [INFO] DownloadLogger: Completed ERA5 1960-07: ..\case_studies\puget_sound\data\raw\ERA5\ERA5_PNW_1960_07.nc
2026-08-01 12:53:09 [INFO] DownloadLogger: Requesting ERA5 1962-02
2026-08-01 13:02:34 [INFO] DownloadLogger: Completed ERA5 1960-08: ..\case_studies\puget_sound\data\raw\ERA5\ERA5_PNW_1960_08.nc
2026-08-01 13:02:34 [INFO] DownloadLogger: Requesting ERA5 1962-03
2026-08-01 13:10:43 [INFO] DownloadLogger: Completed ERA5 1960-09: ..\case_studies\puget_sound\data\raw\ERA5\ERA5_PNW_1960_09.nc
2026-08-01 13:10:43 [INFO] DownloadLogger: Requesting ERA5 1962-04
2026-08-01 13:20:45 [INFO] DownloadLogger: Completed ERA5 1960-10: ..\case_studies\puget_sound\data\raw\ERA5\ERA5_PNW_1960_10.nc
2026-08-01 13:20:45 [INFO] DownloadLogger: Requesting ERA5 1962-05
2026-08-01 13:30:51 [INFO] DownloadLogger: Completed ERA5 1960-11: ..\case_studies\puget_sound\data\raw\ERA5\ERA5_PNW_1960_11.nc
2026-08-01 13:30:51 [INFO] DownloadLogger: Requesting ERA5 1962-06
2026-08-01 13:59:04 [INFO] DownloadLogger: Completed ERA5 1960-12: ..\case_studies\puget_sound\data\raw\ERA5\ERA5_PNW_1960_12.nc
2026-08-01 13:59:04 [INFO] DownloadLogger: Requesting ERA5 1962-07
2026-08-01 14:24:39 [INFO] DownloadLogger: Completed ERA5 1961-01: ..\case_studies\puget_sound\data\raw\ERA5\ERA5_PNW_1961_01.nc
2026-08-01 14:24:39 [INFO] DownloadLogger: Requesting ERA5 1962-08
2026-08-01 14:43:04 [INFO] DownloadLogger: Completed ERA5 1961-02: ..\case_studies\puget_sound\data\raw\ERA5\ERA5_PNW_1961_02.nc
2026-08-01 14:43:04 [INFO] DownloadLogger: Requesting ERA5 1962-09
2026-08-01 15:00:40 [INFO] DownloadLogger: Completed ERA5 1961-03: ..\case_studies\puget_sound\data\raw\ERA5\ERA5_PNW_1961_03.nc
2026-08-01 15:00:40 [INFO] DownloadLogger: Requesting ERA5 1962-10
2026-08-01 15:16:49 [INFO] DownloadLogger: Completed ERA5 1961-04: ..\case_studies\puget_sound\data\raw\ERA5\ERA5_PNW_1961_04.nc
2026-08-01 15:16:49 [INFO] DownloadLogger: Requesting ERA5 1962-11
2026-08-01 15:33:44 [INFO] DownloadLogger: Completed ERA5 1961-05: ..\case_studies\puget_sound\data\raw\ERA5\ERA5_PNW_1961_05.nc
2026-08-01 15:33:44 [INFO] DownloadLogger: Requesting ERA5 1962-12
2026-08-01 15:48:22 [INFO] DownloadLogger: Completed ERA5 1961-06: ..\case_studies\puget_sound\data\raw\ERA5\ERA5_PNW_1961_06.nc
2026-08-01 15:48:22 [INFO] DownloadLogger: Requesting ERA5 1963-01
2026-08-01 15:55:52 [INFO] DownloadLogger: Completed ERA5 1961-07: ..\case_studies\puget_sound\data\raw\ERA5\ERA5_PNW_1961_07.nc
2026-08-01 15:55:52 [INFO] DownloadLogger: Requesting ERA5 1963-02
2026-08-01 16:07:30 [INFO] DownloadLogger: Completed ERA5 1961-08: ..\case_studies\puget_sound\data\raw\ERA5\ERA5_PNW_1961_08.nc
2026-08-01 16:07:30 [INFO] DownloadLogger: Requesting ERA5 1963-03
2026-08-01 16:24:04 [INFO] DownloadLogger: Completed ERA5 1961-09: ..\case_studies\puget_sound\data\raw\ERA5\ERA5_PNW_1961_09.nc
2026-08-01 16:24:04 [INFO] DownloadLogger: Requesting ERA5 1963-04
2026-08-01 16:30:39 [INFO] DownloadLogger: Completed ERA5 1961-10: ..\case_studies\puget_sound\data\raw\ERA5\ERA5_PNW_1961_10.nc
2026-08-01 16:30:39 [INFO] DownloadLogger: Requesting ERA5 1963-05
2026-08-01 16:44:18 [INFO] DownloadLogger: Completed ERA5 1961-11: ..\case_studies\puget_sound\data\raw\ERA5\ERA5_PNW_1961_11.nc
2026-08-01 16:44:18 [INFO] DownloadLogger: Requesting ERA5 1963-06
2026-08-01 17:08:24 [INFO] DownloadLogger: Completed ERA5 1961-12: ..\case_studies\puget_sound\data\raw\ERA5\ERA5_PNW_1961_12.nc
2026-08-01 17:08:24 [INFO] DownloadLogger: Requesting ERA5 1963-07
2026-08-01 17:18:55 [INFO] DownloadLogger: Completed ERA5 1962-01: ..\case_studies\puget_sound\data\raw\ERA5\ERA5_PNW_1962_01.nc
2026-08-01 17:18:55 [INFO] DownloadLogger: Requesting ERA5 1963-08
2026-08-01 17:36:00 [INFO] DownloadLogger: Completed ERA5 1962-02: ..\case_studies\puget_sound\data\raw\ERA5\ERA5_PNW_1962_02.nc
2026-08-01 17:36:00 [INFO] DownloadLogger: Requesting ERA5 1963-09
2026-08-01 18:07:18 [INFO] DownloadLogger: Completed ERA5 1962-03: ..\case_studies\puget_sound\data\raw\ERA5\ERA5_PNW_1962_03.nc
2026-08-01 18:07:18 [INFO] DownloadLogger: Requesting ERA5 1963-10
2026-08-01 18:37:34 [INFO] DownloadLogger: Completed ERA5 1962-04: ..\case_studies\puget_sound\data\raw\ERA5\ERA5_PNW_1962_04.nc
2026-08-01 18:37:34 [INFO] DownloadLogger: Requesting ERA5 1963-11
2026-08-01 18:51:32 [INFO] DownloadLogger: Completed ERA5 1962-05: ..\case_studies\puget_sound\data\raw\ERA5\ERA5_PNW_1962_05.nc
2026-08-01 18:51:32 [INFO] DownloadLogger: Requesting ERA5 1963-12
2026-08-01 19:03:59 [INFO] DownloadLogger: Completed ERA5 1962-06: ..\case_studies\puget_sound\data\raw\ERA5\ERA5_PNW_1962_06.nc
2026-08-01 19:03:59 [INFO] DownloadLogger: Requesting ERA5 1964-01
2026-08-01 19:14:05 [INFO] DownloadLogger: Completed ERA5 1962-07: ..\case_studies\puget_sound\data\raw\ERA5\ERA5_PNW_1962_07.nc
2026-08-01 19:14:05 [INFO] DownloadLogger: Requesting ERA5 1964-02
2026-08-01 19:37:47 [INFO] DownloadLogger: Completed ERA5 1962-09: ..\case_studies\puget_sound\data\raw\ERA5\ERA5_PNW_1962_09.nc
2026-08-01 19:37:47 [INFO] DownloadLogger: Requesting ERA5 1964-03
2026-08-01 19:43:34 [INFO] DownloadLogger: Completed ERA5 1962-08: ..\case_studies\puget_sound\data\raw\ERA5\ERA5_PNW_1962_08.nc
2026-08-01 19:43:34 [INFO] DownloadLogger: Requesting ERA5 1964-04
2026-08-01 20:07:32 [INFO] DownloadLogger: Completed ERA5 1962-10: ..\case_studies\puget_sound\data\raw\ERA5\ERA5_PNW_1962_10.nc
2026-08-01 20:07:32 [INFO] DownloadLogger: Requesting ERA5 1964-05
2026-08-01 20:25:30 [INFO] DownloadLogger: Completed ERA5 1962-11: ..\case_studies\puget_sound\data\raw\ERA5\ERA5_PNW_1962_11.nc
2026-08-01 20:25:30 [INFO] DownloadLogger: Requesting ERA5 1964-06
2026-08-01 20:36:42 [INFO] DownloadLogger: Completed ERA5 1962-12: ..\case_studies\puget_sound\data\raw\ERA5\ERA5_PNW_1962_12.nc
2026-08-01 20:36:42 [INFO] DownloadLogger: Requesting ERA5 1964-07
2026-08-01 21:13:19 [INFO] DownloadLogger: Completed ERA5 1963-01: ..\case_studies\puget_sound\data\raw\ERA5\ERA5_PNW_1963_01.nc
2026-08-01 21:13:19 [INFO] DownloadLogger: Requesting ERA5 1964-08
2026-08-01 21:28:35 [INFO] DownloadLogger: Completed ERA5 1963-02: ..\case_studies\puget_sound\data\raw\ERA5\ERA5_PNW_1963_02.nc
2026-08-01 21:28:35 [INFO] DownloadLogger: Requesting ERA5 1964-09
2026-08-01 22:06:26 [INFO] DownloadLogger: Completed ERA5 1963-03: ..\case_studies\puget_sound\data\raw\ERA5\ERA5_PNW_1963_03.nc
2026-08-01 22:06:26 [INFO] DownloadLogger: Requesting ERA5 1964-10
2026-08-01 22:13:22 [INFO] DownloadLogger: Completed ERA5 1963-04: ..\case_studies\puget_sound\data\raw\ERA5\ERA5_PNW_1963_04.nc
2026-08-01 22:13:22 [INFO] DownloadLogger: Requesting ERA5 1964-11
2026-08-01 22:39:53 [INFO] DownloadLogger: Completed ERA5 1963-05: ..\case_studies\puget_sound\data\raw\ERA5\ERA5_PNW_1963_05.nc
2026-08-01 22:39:53 [INFO] DownloadLogger: Requesting ERA5 1964-12
2026-08-01 23:13:37 [INFO] DownloadLogger: Completed ERA5 1963-06: ..\case_studies\puget_sound\data\raw\ERA5\ERA5_PNW_1963_06.nc
2026-08-01 23:13:37 [INFO] DownloadLogger: Requesting ERA5 1965-01
2026-08-01 23:23:51 [INFO] DownloadLogger: Completed ERA5 1963-07: ..\case_studies\puget_sound\data\raw\ERA5\ERA5_PNW_1963_07.nc
2026-08-01 23:23:51 [INFO] DownloadLogger: Requesting ERA5 1965-02
2026-08-01 23:48:22 [INFO] DownloadLogger: Completed ERA5 1963-08: ..\case_studies\puget_sound\data\raw\ERA5\ERA5_PNW_1963_08.nc
2026-08-01 23:48:22 [INFO] DownloadLogger: Requesting ERA5 1965-03
2026-08-01 23:55:19 [INFO] DownloadLogger: Completed ERA5 1963-09: ..\case_studies\puget_sound\data\raw\ERA5\ERA5_PNW_1963_09.nc
2026-08-01 23:55:19 [INFO] DownloadLogger: Requesting ERA5 1965-04
2026-08-02 00:22:35 [INFO] DownloadLogger: Completed ERA5 1963-10: ..\case_studies\puget_sound\data\raw\ERA5\ERA5_PNW_1963_10.nc
2026-08-02 00:22:35 [INFO] DownloadLogger: Requesting ERA5 1965-05
2026-08-02 00:54:40 [INFO] DownloadLogger: Completed ERA5 1963-12: ..\case_studies\puget_sound\data\raw\ERA5\ERA5_PNW_1963_12.nc
2026-08-02 00:54:40 [INFO] DownloadLogger: Requesting ERA5 1965-06
2026-08-02 01:06:45 [INFO] DownloadLogger: Completed ERA5 1963-11: ..\case_studies\puget_sound\data\raw\ERA5\ERA5_PNW_1963_11.nc
2026-08-02 01:06:45 [INFO] DownloadLogger: Requesting ERA5 1965-07
2026-08-02 01:14:59 [INFO] DownloadLogger: Completed ERA5 1964-01: ..\case_studies\puget_sound\data\raw\ERA5\ERA5_PNW_1964_01.nc
2026-08-02 01:14:59 [INFO] DownloadLogger: Requesting ERA5 1965-08
2026-08-02 01:21:20 [INFO] DownloadLogger: Completed ERA5 1964-02: ..\case_studies\puget_sound\data\raw\ERA5\ERA5_PNW_1964_02.nc
2026-08-02 01:21:20 [INFO] DownloadLogger: Requesting ERA5 1965-09
2026-08-02 01:34:48 [INFO] DownloadLogger: Completed ERA5 1964-03: ..\case_studies\puget_sound\data\raw\ERA5\ERA5_PNW_1964_03.nc
2026-08-02 01:34:48 [INFO] DownloadLogger: Requesting ERA5 1965-10
2026-08-02 02:04:50 [INFO] DownloadLogger: Completed ERA5 1964-04: ..\case_studies\puget_sound\data\raw\ERA5\ERA5_PNW_1964_04.nc
2026-08-02 02:04:50 [INFO] DownloadLogger: Requesting ERA5 1965-11
2026-08-02 02:36:45 [INFO] DownloadLogger: Completed ERA5 1964-05: ..\case_studies\puget_sound\data\raw\ERA5\ERA5_PNW_1964_05.nc
2026-08-02 02:36:45 [INFO] DownloadLogger: Requesting ERA5 1965-12
2026-08-02 02:46:51 [INFO] DownloadLogger: Completed ERA5 1964-06: ..\case_studies\puget_sound\data\raw\ERA5\ERA5_PNW_1964_06.nc
2026-08-02 02:46:51 [INFO] DownloadLogger: Requesting ERA5 1966-01
2026-08-02 02:57:51 [INFO] DownloadLogger: Completed ERA5 1964-07: ..\case_studies\puget_sound\data\raw\ERA5\ERA5_PNW_1964_07.nc
2026-08-02 02:57:51 [INFO] DownloadLogger: Requesting ERA5 1966-02
2026-08-02 03:10:42 [INFO] DownloadLogger: Completed ERA5 1964-08: ..\case_studies\puget_sound\data\raw\ERA5\ERA5_PNW_1964_08.nc
2026-08-02 03:10:42 [INFO] DownloadLogger: Requesting ERA5 1966-03
2026-08-02 03:41:46 [INFO] DownloadLogger: Completed ERA5 1964-09: ..\case_studies\puget_sound\data\raw\ERA5\ERA5_PNW_1964_09.nc
2026-08-02 03:41:46 [INFO] DownloadLogger: Requesting ERA5 1966-04
2026-08-02 04:09:27 [INFO] DownloadLogger: Completed ERA5 1964-10: ..\case_studies\puget_sound\data\raw\ERA5\ERA5_PNW_1964_10.nc
2026-08-02 04:09:27 [INFO] DownloadLogger: Requesting ERA5 1966-05
2026-08-02 04:40:34 [INFO] DownloadLogger: Completed ERA5 1964-11: ..\case_studies\puget_sound\data\raw\ERA5\ERA5_PNW_1964_11.nc
2026-08-02 04:40:34 [INFO] DownloadLogger: Requesting ERA5 1966-06
2026-08-02 05:04:53 [INFO] DownloadLogger: Completed ERA5 1964-12: ..\case_studies\puget_sound\data\raw\ERA5\ERA5_PNW_1964_12.nc
2026-08-02 05:04:53 [INFO] DownloadLogger: Requesting ERA5 1966-07
2026-08-02 05:40:44 [INFO] DownloadLogger: Completed ERA5 1965-01: ..\case_studies\puget_sound\data\raw\ERA5\ERA5_PNW_1965_01.nc
2026-08-02 05:40:44 [INFO] DownloadLogger: Requesting ERA5 1966-08
2026-08-02 05:57:12 [INFO] DownloadLogger: Completed ERA5 1965-02: ..\case_studies\puget_sound\data\raw\ERA5\ERA5_PNW_1965_02.nc
2026-08-02 05:57:12 [INFO] DownloadLogger: Requesting ERA5 1966-09
2026-08-02 06:07:16 [INFO] DownloadLogger: Completed ERA5 1965-03: ..\case_studies\puget_sound\data\raw\ERA5\ERA5_PNW_1965_03.nc
2026-08-02 06:07:16 [INFO] DownloadLogger: Requesting ERA5 1966-10
2026-08-02 06:22:48 [INFO] DownloadLogger: Completed ERA5 1965-04: ..\case_studies\puget_sound\data\raw\ERA5\ERA5_PNW_1965_04.nc
2026-08-02 06:22:48 [INFO] DownloadLogger: Requesting ERA5 1966-11
2026-08-02 06:43:54 [INFO] DownloadLogger: Completed ERA5 1965-05: ..\case_studies\puget_sound\data\raw\ERA5\ERA5_PNW_1965_05.nc
2026-08-02 06:43:54 [INFO] DownloadLogger: Requesting ERA5 1966-12
2026-08-02 06:59:37 [INFO] DownloadLogger: Completed ERA5 1965-06: ..\case_studies\puget_sound\data\raw\ERA5\ERA5_PNW_1965_06.nc
2026-08-02 06:59:37 [INFO] DownloadLogger: Requesting ERA5 1967-01
2026-08-02 07:19:43 [INFO] DownloadLogger: Completed ERA5 1965-07: ..\case_studies\puget_sound\data\raw\ERA5\ERA5_PNW_1965_07.nc
2026-08-02 07:19:43 [INFO] DownloadLogger: Requesting ERA5 1967-02
2026-08-02 07:25:57 [INFO] DownloadLogger: Completed ERA5 1965-08: ..\case_studies\puget_sound\data\raw\ERA5\ERA5_PNW_1965_08.nc
2026-08-02 07:25:57 [INFO] DownloadLogger: Requesting ERA5 1967-03
2026-08-02 07:38:59 [INFO] DownloadLogger: Completed ERA5 1965-09: ..\case_studies\puget_sound\data\raw\ERA5\ERA5_PNW_1965_09.nc
2026-08-02 07:38:59 [INFO] DownloadLogger: Requesting ERA5 1967-04
2026-08-02 07:53:56 [INFO] DownloadLogger: Completed ERA5 1965-10: ..\case_studies\puget_sound\data\raw\ERA5\ERA5_PNW_1965_10.nc
2026-08-02 07:53:56 [INFO] DownloadLogger: Requesting ERA5 1967-05
2026-08-02 08:05:57 [INFO] DownloadLogger: Completed ERA5 1965-11: ..\case_studies\puget_sound\data\raw\ERA5\ERA5_PNW_1965_11.nc
2026-08-02 08:05:57 [INFO] DownloadLogger: Requesting ERA5 1967-06
2026-08-02 08:29:46 [INFO] DownloadLogger: Completed ERA5 1965-12: ..\case_studies\puget_sound\data\raw\ERA5\ERA5_PNW_1965_12.nc
2026-08-02 08:29:46 [INFO] DownloadLogger: Requesting ERA5 1967-07
2026-08-02 08:38:04 [INFO] DownloadLogger: Completed ERA5 1966-01: ..\case_studies\puget_sound\data\raw\ERA5\ERA5_PNW_1966_01.nc
2026-08-02 08:38:04 [INFO] DownloadLogger: Requesting ERA5 1967-08
2026-08-02 09:02:55 [INFO] DownloadLogger: Completed ERA5 1966-02: ..\case_studies\puget_sound\data\raw\ERA5\ERA5_PNW_1966_02.nc
2026-08-02 09:02:55 [INFO] DownloadLogger: Requesting ERA5 1967-09
2026-08-02 09:17:54 [INFO] DownloadLogger: Completed ERA5 1966-03: ..\case_studies\puget_sound\data\raw\ERA5\ERA5_PNW_1966_03.nc
2026-08-02 09:17:54 [INFO] DownloadLogger: Requesting ERA5 1967-10
2026-08-02 09:40:43 [INFO] DownloadLogger: Completed ERA5 1966-04: ..\case_studies\puget_sound\data\raw\ERA5\ERA5_PNW_1966_04.nc
2026-08-02 09:40:43 [INFO] DownloadLogger: Requesting ERA5 1967-11
2026-08-02 09:54:22 [INFO] DownloadLogger: Completed ERA5 1966-05: ..\case_studies\puget_sound\data\raw\ERA5\ERA5_PNW_1966_05.nc
2026-08-02 09:54:22 [INFO] DownloadLogger: Requesting ERA5 1967-12
2026-08-02 10:03:22 [INFO] DownloadLogger: Completed ERA5 1966-06: ..\case_studies\puget_sound\data\raw\ERA5\ERA5_PNW_1966_06.nc
2026-08-02 10:03:22 [INFO] DownloadLogger: Requesting ERA5 1968-01
2026-08-02 10:19:31 [INFO] DownloadLogger: Completed ERA5 1966-07: ..\case_studies\puget_sound\data\raw\ERA5\ERA5_PNW_1966_07.nc
2026-08-02 10:19:31 [INFO] DownloadLogger: Requesting ERA5 1968-02
2026-08-02 10:37:24 [INFO] DownloadLogger: Completed ERA5 1966-08: ..\case_studies\puget_sound\data\raw\ERA5\ERA5_PNW_1966_08.nc
2026-08-02 10:37:24 [INFO] DownloadLogger: Requesting ERA5 1968-03
2026-08-02 10:40:54 [ERROR] DownloadLogger: Failed ERA5 request 1967-10: Could not find a suitable TLS CA certificate bundle, invalid path: c:\Users\kai\anaconda3\envs\cosmos-wind-cnn\Lib\site-packages\certifi\cacert.pem
Traceback (most recent call last):
  File "C:\Users\kai\Documents\Github\cosmos-wind-cnn\src\cosmos_wind_cnn\data\era5_download.py", line 68, in retrieve_month
    client.retrieve(dataset, request, target)
    ~~~~~~~~~~~~~~~^^^^^^^^^^^^^^^^^^^^^^^^^^
  File "c:\Users\kai\anaconda3\envs\cosmos-wind-cnn\Lib\site-packages\ecmwf\datastores\legacy_client.py", line 167, in retrieve
    submitted = self.client.submit_and_wait_on_results(
        collection_id=name,
        request=request,
    )
  File "c:\Users\kai\anaconda3\envs\cosmos-wind-cnn\Lib\site-packages\ecmwf\datastores\client.py", line 430, in submit_and_wait_on_results
    return self._retrieve_api.submit(collection_id, request).get_results()
           ~~~~~~~~~~~~~~~~~~~~~~~~~~~~~~~~~~~~~~~~~~~~~~~~~~~~~~~~~~~~~^^
  File "c:\Users\kai\anaconda3\envs\cosmos-wind-cnn\Lib\site-packages\ecmwf\datastores\processing.py", line 495, in get_results
    return self._make_results(wait=True)
           ~~~~~~~~~~~~~~~~~~^^^^^^^^^^^
  File "c:\Users\kai\anaconda3\envs\cosmos-wind-cnn\Lib\site-packages\ecmwf\datastores\processing.py", line 479, in _make_results
    self._wait_on_results()
    ~~~~~~~~~~~~~~~~~~~~~^^
  File "c:\Users\kai\anaconda3\envs\cosmos-wind-cnn\Lib\site-packages\ecmwf\datastores\processing.py", line 457, in _wait_on_results
    while not self.results_ready:
              ^^^^^^^^^^^^^^^^^^
  File "c:\Users\kai\anaconda3\envs\cosmos-wind-cnn\Lib\site-packages\ecmwf\datastores\processing.py", line 465, in results_ready
    status = self.status
             ^^^^^^^^^^^
  File "c:\Users\kai\anaconda3\envs\cosmos-wind-cnn\Lib\site-packages\ecmwf\datastores\processing.py", line 424, in status
    reply = self.json
            ^^^^^^^^^
  File "c:\Users\kai\anaconda3\envs\cosmos-wind-cnn\Lib\site-packages\ecmwf\datastores\processing.py", line 409, in json
    return self._get_api_response("get", params=params)._json_dict
           ~~~~~~~~~~~~~~~~~~~~~~^^^^^^^^^^^^^^^^^^^^^^
  File "c:\Users\kai\anaconda3\envs\cosmos-wind-cnn\Lib\site-packages\ecmwf\datastores\processing.py", line 394, in _get_api_response
    return ApiResponse.from_request(
           ~~~~~~~~~~~~~~~~~~~~~~~~^
        method, self.url, **self._request_kwargs, **kwargs
        ^^^^^^^^^^^^^^^^^^^^^^^^^^^^^^^^^^^^^^^^^^^^^^^^^^
    )
    ^
  File "c:\Users\kai\anaconda3\envs\cosmos-wind-cnn\Lib\site-packages\ecmwf\datastores\processing.py", line 171, in from_request
    response = robust_request(
        method, url, headers=headers, **request_options, **kwargs
    )
  File "c:\Users\kai\anaconda3\envs\cosmos-wind-cnn\Lib\site-packages\multiurl\http.py", line 495, in wrapped
    r = call(main_url, *args, **kwargs)
  File "c:\Users\kai\anaconda3\envs\cosmos-wind-cnn\Lib\site-packages\requests\sessions.py", line 651, in request
    resp = self.send(prep, **send_kwargs)
  File "c:\Users\kai\anaconda3\envs\cosmos-wind-cnn\Lib\site-packages\requests\sessions.py", line 784, in send
    r = adapter.send(request, **kwargs)
  File "c:\Users\kai\anaconda3\envs\cosmos-wind-cnn\Lib\site-packages\requests\adapters.py", line 668, in send
    self.cert_verify(conn, request.url, verify, cert)
    ~~~~~~~~~~~~~~~~^^^^^^^^^^^^^^^^^^^^^^^^^^^^^^^^^
  File "c:\Users\kai\anaconda3\envs\cosmos-wind-cnn\Lib\site-packages\requests\adapters.py", line 332, in cert_verify
    raise OSError(
    ...<2 lines>...
    )
OSError: Could not find a suitable TLS CA certificate bundle, invalid path: c:\Users\kai\anaconda3\envs\cosmos-wind-cnn\Lib\site-packages\certifi\cacert.pem
2026-08-02 10:40:54 [INFO] DownloadLogger: Requesting ERA5 1968-04
2026-08-02 10:40:54 [ERROR] DownloadLogger: ERA5 download failed: Could not find a suitable TLS CA certificate bundle, invalid path: c:\Users\kai\anaconda3\envs\cosmos-wind-cnn\Lib\site-packages\certifi\cacert.pem
Traceback (most recent call last):
  File "C:\Users\kai\Documents\Github\cosmos-wind-cnn\src\cosmos_wind_cnn\data\era5_download.py", line 171, in download_era5
    result = fut.result()
  File "c:\Users\kai\anaconda3\envs\cosmos-wind-cnn\Lib\concurrent\futures\_base.py", line 443, in result
    return self.__get_result()
           ~~~~~~~~~~~~~~~~~^^
  File "c:\Users\kai\anaconda3\envs\cosmos-wind-cnn\Lib\concurrent\futures\_base.py", line 395, in __get_result
    raise self._exception
  File "c:\Users\kai\anaconda3\envs\cosmos-wind-cnn\Lib\concurrent\futures\thread.py", line 86, in run
    result = ctx.run(self.task)
  File "c:\Users\kai\anaconda3\envs\cosmos-wind-cnn\Lib\concurrent\futures\thread.py", line 73, in run
    return fn(*args, **kwargs)
  File "C:\Users\kai\Documents\Github\cosmos-wind-cnn\src\cosmos_wind_cnn\data\era5_download.py", line 68, in retrieve_month
    client.retrieve(dataset, request, target)
    ~~~~~~~~~~~~~~~^^^^^^^^^^^^^^^^^^^^^^^^^^
  File "c:\Users\kai\anaconda3\envs\cosmos-wind-cnn\Lib\site-packages\ecmwf\datastores\legacy_client.py", line 167, in retrieve
    submitted = self.client.submit_and_wait_on_results(
        collection_id=name,
        request=request,
    )
  File "c:\Users\kai\anaconda3\envs\cosmos-wind-cnn\Lib\site-packages\ecmwf\datastores\client.py", line 430, in submit_and_wait_on_results
    return self._retrieve_api.submit(collection_id, request).get_results()
           ~~~~~~~~~~~~~~~~~~~~~~~~~~~~~~~~~~~~~~~~~~~~~~~~~~~~~~~~~~~~~^^
  File "c:\Users\kai\anaconda3\envs\cosmos-wind-cnn\Lib\site-packages\ecmwf\datastores\processing.py", line 495, in get_results
    return self._make_results(wait=True)
           ~~~~~~~~~~~~~~~~~~^^^^^^^^^^^
  File "c:\Users\kai\anaconda3\envs\cosmos-wind-cnn\Lib\site-packages\ecmwf\datastores\processing.py", line 479, in _make_results
    self._wait_on_results()
    ~~~~~~~~~~~~~~~~~~~~~^^
  File "c:\Users\kai\anaconda3\envs\cosmos-wind-cnn\Lib\site-packages\ecmwf\datastores\processing.py", line 457, in _wait_on_results
    while not self.results_ready:
              ^^^^^^^^^^^^^^^^^^
  File "c:\Users\kai\anaconda3\envs\cosmos-wind-cnn\Lib\site-packages\ecmwf\datastores\processing.py", line 465, in results_ready
    status = self.status
             ^^^^^^^^^^^
  File "c:\Users\kai\anaconda3\envs\cosmos-wind-cnn\Lib\site-packages\ecmwf\datastores\processing.py", line 424, in status
    reply = self.json
            ^^^^^^^^^
  File "c:\Users\kai\anaconda3\envs\cosmos-wind-cnn\Lib\site-packages\ecmwf\datastores\processing.py", line 409, in json
    return self._get_api_response("get", params=params)._json_dict
           ~~~~~~~~~~~~~~~~~~~~~~^^^^^^^^^^^^^^^^^^^^^^
  File "c:\Users\kai\anaconda3\envs\cosmos-wind-cnn\Lib\site-packages\ecmwf\datastores\processing.py", line 394, in _get_api_response
    return ApiResponse.from_request(
           ~~~~~~~~~~~~~~~~~~~~~~~~^
        method, self.url, **self._request_kwargs, **kwargs
        ^^^^^^^^^^^^^^^^^^^^^^^^^^^^^^^^^^^^^^^^^^^^^^^^^^
    )
    ^
  File "c:\Users\kai\anaconda3\envs\cosmos-wind-cnn\Lib\site-packages\ecmwf\datastores\processing.py", line 171, in from_request
    response = robust_request(
        method, url, headers=headers, **request_options, **kwargs
    )
  File "c:\Users\kai\anaconda3\envs\cosmos-wind-cnn\Lib\site-packages\multiurl\http.py", line 495, in wrapped
    r = call(main_url, *args, **kwargs)
  File "c:\Users\kai\anaconda3\envs\cosmos-wind-cnn\Lib\site-packages\requests\sessions.py", line 651, in request
    resp = self.send(prep, **send_kwargs)
  File "c:\Users\kai\anaconda3\envs\cosmos-wind-cnn\Lib\site-packages\requests\sessions.py", line 784, in send
    r = adapter.send(request, **kwargs)
  File "c:\Users\kai\anaconda3\envs\cosmos-wind-cnn\Lib\site-packages\requests\adapters.py", line 668, in send
    self.cert_verify(conn, request.url, verify, cert)
    ~~~~~~~~~~~~~~~~^^^^^^^^^^^^^^^^^^^^^^^^^^^^^^^^^
  File "c:\Users\kai\anaconda3\envs\cosmos-wind-cnn\Lib\site-packages\requests\adapters.py", line 332, in cert_verify
    raise OSError(
    ...<2 lines>...
    )
OSError: Could not find a suitable TLS CA certificate bundle, invalid path: c:\Users\kai\anaconda3\envs\cosmos-wind-cnn\Lib\site-packages\certifi\cacert.pem
2026-08-02 10:40:54 [ERROR] DownloadLogger: Failed ERA5 request 1968-04: Could not find a suitable TLS CA certificate bundle, invalid path: c:\Users\kai\anaconda3\envs\cosmos-wind-cnn\Lib\site-packages\certifi\cacert.pem
Traceback (most recent call last):
  File "C:\Users\kai\Documents\Github\cosmos-wind-cnn\src\cosmos_wind_cnn\data\era5_download.py", line 68, in retrieve_month
    client.retrieve(dataset, request, target)
    ~~~~~~~~~~~~~~~^^^^^^^^^^^^^^^^^^^^^^^^^^
  File "c:\Users\kai\anaconda3\envs\cosmos-wind-cnn\Lib\site-packages\ecmwf\datastores\legacy_client.py", line 167, in retrieve
    submitted = self.client.submit_and_wait_on_results(
        collection_id=name,
        request=request,
    )
  File "c:\Users\kai\anaconda3\envs\cosmos-wind-cnn\Lib\site-packages\ecmwf\datastores\client.py", line 430, in submit_and_wait_on_results
    return self._retrieve_api.submit(collection_id, request).get_results()
           ~~~~~~~~~~~~~~~~~~~~~~~~~^^^^^^^^^^^^^^^^^^^^^^^^
  File "c:\Users\kai\anaconda3\envs\cosmos-wind-cnn\Lib\site-packages\ecmwf\datastores\processing.py", line 753, in submit
    return self.get_process(collection_id).submit(request)
           ~~~~~~~~~~~~~~~~^^^^^^^^^^^^^^^
  File "c:\Users\kai\anaconda3\envs\cosmos-wind-cnn\Lib\site-packages\ecmwf\datastores\processing.py", line 742, in get_process
    return Process.from_request("get", url, **self._request_kwargs)
           ~~~~~~~~~~~~~~~~~~~~^^^^^^^^^^^^^^^^^^^^^^^^^^^^^^^^^^^^
  File "c:\Users\kai\anaconda3\envs\cosmos-wind-cnn\Lib\site-packages\ecmwf\datastores\processing.py", line 171, in from_request
    response = robust_request(
        method, url, headers=headers, **request_options, **kwargs
    )
  File "c:\Users\kai\anaconda3\envs\cosmos-wind-cnn\Lib\site-packages\multiurl\http.py", line 495, in wrapped
    r = call(main_url, *args, **kwargs)
  File "c:\Users\kai\anaconda3\envs\cosmos-wind-cnn\Lib\site-packages\requests\sessions.py", line 651, in request
    resp = self.send(prep, **send_kwargs)
  File "c:\Users\kai\anaconda3\envs\cosmos-wind-cnn\Lib\site-packages\requests\sessions.py", line 784, in send
    r = adapter.send(request, **kwargs)
  File "c:\Users\kai\anaconda3\envs\cosmos-wind-cnn\Lib\site-packages\requests\adapters.py", line 668, in send
    self.cert_verify(conn, request.url, verify, cert)
    ~~~~~~~~~~~~~~~~^^^^^^^^^^^^^^^^^^^^^^^^^^^^^^^^^
  File "c:\Users\kai\anaconda3\envs\cosmos-wind-cnn\Lib\site-packages\requests\adapters.py", line 332, in cert_verify
    raise OSError(
    ...<2 lines>...
    )
OSError: Could not find a suitable TLS CA certificate bundle, invalid path: c:\Users\kai\anaconda3\envs\cosmos-wind-cnn\Lib\site-packages\certifi\cacert.pem
2026-08-02 10:40:54 [INFO] DownloadLogger: Requesting ERA5 1968-05
2026-08-02 10:40:54 [ERROR] DownloadLogger: ERA5 download failed: Could not find a suitable TLS CA certificate bundle, invalid path: c:\Users\kai\anaconda3\envs\cosmos-wind-cnn\Lib\site-packages\certifi\cacert.pem
Traceback (most recent call last):
  File "C:\Users\kai\Documents\Github\cosmos-wind-cnn\src\cosmos_wind_cnn\data\era5_download.py", line 171, in download_era5
    result = fut.result()
  File "c:\Users\kai\anaconda3\envs\cosmos-wind-cnn\Lib\concurrent\futures\_base.py", line 443, in result
    return self.__get_result()
           ~~~~~~~~~~~~~~~~~^^
  File "c:\Users\kai\anaconda3\envs\cosmos-wind-cnn\Lib\concurrent\futures\_base.py", line 395, in __get_result
    raise self._exception
  File "c:\Users\kai\anaconda3\envs\cosmos-wind-cnn\Lib\concurrent\futures\thread.py", line 86, in run
    result = ctx.run(self.task)
  File "c:\Users\kai\anaconda3\envs\cosmos-wind-cnn\Lib\concurrent\futures\thread.py", line 73, in run
    return fn(*args, **kwargs)
  File "C:\Users\kai\Documents\Github\cosmos-wind-cnn\src\cosmos_wind_cnn\data\era5_download.py", line 68, in retrieve_month
    client.retrieve(dataset, request, target)
    ~~~~~~~~~~~~~~~^^^^^^^^^^^^^^^^^^^^^^^^^^
  File "c:\Users\kai\anaconda3\envs\cosmos-wind-cnn\Lib\site-packages\ecmwf\datastores\legacy_client.py", line 167, in retrieve
    submitted = self.client.submit_and_wait_on_results(
        collection_id=name,
        request=request,
    )
  File "c:\Users\kai\anaconda3\envs\cosmos-wind-cnn\Lib\site-packages\ecmwf\datastores\client.py", line 430, in submit_and_wait_on_results
    return self._retrieve_api.submit(collection_id, request).get_results()
           ~~~~~~~~~~~~~~~~~~~~~~~~~^^^^^^^^^^^^^^^^^^^^^^^^
  File "c:\Users\kai\anaconda3\envs\cosmos-wind-cnn\Lib\site-packages\ecmwf\datastores\processing.py", line 753, in submit
    return self.get_process(collection_id).submit(request)
           ~~~~~~~~~~~~~~~~^^^^^^^^^^^^^^^
  File "c:\Users\kai\anaconda3\envs\cosmos-wind-cnn\Lib\site-packages\ecmwf\datastores\processing.py", line 742, in get_process
    return Process.from_request("get", url, **self._request_kwargs)
           ~~~~~~~~~~~~~~~~~~~~^^^^^^^^^^^^^^^^^^^^^^^^^^^^^^^^^^^^
  File "c:\Users\kai\anaconda3\envs\cosmos-wind-cnn\Lib\site-packages\ecmwf\datastores\processing.py", line 171, in from_request
    response = robust_request(
        method, url, headers=headers, **request_options, **kwargs
    )
  File "c:\Users\kai\anaconda3\envs\cosmos-wind-cnn\Lib\site-packages\multiurl\http.py", line 495, in wrapped
    r = call(main_url, *args, **kwargs)
  File "c:\Users\kai\anaconda3\envs\cosmos-wind-cnn\Lib\site-packages\requests\sessions.py", line 651, in request
    resp = self.send(prep, **send_kwargs)
  File "c:\Users\kai\anaconda3\envs\cosmos-wind-cnn\Lib\site-packages\requests\sessions.py", line 784, in send
    r = adapter.send(request, **kwargs)
  File "c:\Users\kai\anaconda3\envs\cosmos-wind-cnn\Lib\site-packages\requests\adapters.py", line 668, in send
    self.cert_verify(conn, request.url, verify, cert)
    ~~~~~~~~~~~~~~~~^^^^^^^^^^^^^^^^^^^^^^^^^^^^^^^^^
  File "c:\Users\kai\anaconda3\envs\cosmos-wind-cnn\Lib\site-packages\requests\adapters.py", line 332, in cert_verify
    raise OSError(
    ...<2 lines>...
    )
OSError: Could not find a suitable TLS CA certificate bundle, invalid path: c:\Users\kai\anaconda3\envs\cosmos-wind-cnn\Lib\site-packages\certifi\cacert.pem
2026-08-02 10:40:54 [ERROR] DownloadLogger: Failed ERA5 request 1968-05: Could not find a suitable TLS CA certificate bundle, invalid path: c:\Users\kai\anaconda3\envs\cosmos-wind-cnn\Lib\site-packages\certifi\cacert.pem
Traceback (most recent call last):
  File "C:\Users\kai\Documents\Github\cosmos-wind-cnn\src\cosmos_wind_cnn\data\era5_download.py", line 68, in retrieve_month
    client.retrieve(dataset, request, target)
    ~~~~~~~~~~~~~~~^^^^^^^^^^^^^^^^^^^^^^^^^^
  File "c:\Users\kai\anaconda3\envs\cosmos-wind-cnn\Lib\site-packages\ecmwf\datastores\legacy_client.py", line 167, in retrieve
    submitted = self.client.submit_and_wait_on_results(
        collection_id=name,
        request=request,
    )
  File "c:\Users\kai\anaconda3\envs\cosmos-wind-cnn\Lib\site-packages\ecmwf\datastores\client.py", line 430, in submit_and_wait_on_results
    return self._retrieve_api.submit(collection_id, request).get_results()
           ~~~~~~~~~~~~~~~~~~~~~~~~~^^^^^^^^^^^^^^^^^^^^^^^^
  File "c:\Users\kai\anaconda3\envs\cosmos-wind-cnn\Lib\site-packages\ecmwf\datastores\processing.py", line 753, in submit
    return self.get_process(collection_id).submit(request)
           ~~~~~~~~~~~~~~~~^^^^^^^^^^^^^^^
  File "c:\Users\kai\anaconda3\envs\cosmos-wind-cnn\Lib\site-packages\ecmwf\datastores\processing.py", line 742, in get_process
    return Process.from_request("get", url, **self._request_kwargs)
           ~~~~~~~~~~~~~~~~~~~~^^^^^^^^^^^^^^^^^^^^^^^^^^^^^^^^^^^^
  File "c:\Users\kai\anaconda3\envs\cosmos-wind-cnn\Lib\site-packages\ecmwf\datastores\processing.py", line 171, in from_request
    response = robust_request(
        method, url, headers=headers, **request_options, **kwargs
    )
  File "c:\Users\kai\anaconda3\envs\cosmos-wind-cnn\Lib\site-packages\multiurl\http.py", line 495, in wrapped
    r = call(main_url, *args, **kwargs)
  File "c:\Users\kai\anaconda3\envs\cosmos-wind-cnn\Lib\site-packages\requests\sessions.py", line 651, in request
    resp = self.send(prep, **send_kwargs)
  File "c:\Users\kai\anaconda3\envs\cosmos-wind-cnn\Lib\site-packages\requests\sessions.py", line 784, in send
    r = adapter.send(request, **kwargs)
  File "c:\Users\kai\anaconda3\envs\cosmos-wind-cnn\Lib\site-packages\requests\adapters.py", line 668, in send
    self.cert_verify(conn, request.url, verify, cert)
    ~~~~~~~~~~~~~~~~^^^^^^^^^^^^^^^^^^^^^^^^^^^^^^^^^
  File "c:\Users\kai\anaconda3\envs\cosmos-wind-cnn\Lib\site-packages\requests\adapters.py", line 332, in cert_verify
    raise OSError(
    ...<2 lines>...
    )
OSError: Could not find a suitable TLS CA certificate bundle, invalid path: c:\Users\kai\anaconda3\envs\cosmos-wind-cnn\Lib\site-packages\certifi\cacert.pem
2026-08-02 10:40:54 [INFO] DownloadLogger: Requesting ERA5 1968-06
2026-08-02 10:40:54 [ERROR] DownloadLogger: ERA5 download failed: Could not find a suitable TLS CA certificate bundle, invalid path: c:\Users\kai\anaconda3\envs\cosmos-wind-cnn\Lib\site-packages\certifi\cacert.pem
Traceback (most recent call last):
  File "C:\Users\kai\Documents\Github\cosmos-wind-cnn\src\cosmos_wind_cnn\data\era5_download.py", line 171, in download_era5
    result = fut.result()
  File "c:\Users\kai\anaconda3\envs\cosmos-wind-cnn\Lib\concurrent\futures\_base.py", line 443, in result
    return self.__get_result()
           ~~~~~~~~~~~~~~~~~^^
  File "c:\Users\kai\anaconda3\envs\cosmos-wind-cnn\Lib\concurrent\futures\_base.py", line 395, in __get_result
    raise self._exception
  File "c:\Users\kai\anaconda3\envs\cosmos-wind-cnn\Lib\concurrent\futures\thread.py", line 86, in run
    result = ctx.run(self.task)
  File "c:\Users\kai\anaconda3\envs\cosmos-wind-cnn\Lib\concurrent\futures\thread.py", line 73, in run
    return fn(*args, **kwargs)
  File "C:\Users\kai\Documents\Github\cosmos-wind-cnn\src\cosmos_wind_cnn\data\era5_download.py", line 68, in retrieve_month
    client.retrieve(dataset, request, target)
    ~~~~~~~~~~~~~~~^^^^^^^^^^^^^^^^^^^^^^^^^^
  File "c:\Users\kai\anaconda3\envs\cosmos-wind-cnn\Lib\site-packages\ecmwf\datastores\legacy_client.py", line 167, in retrieve
    submitted = self.client.submit_and_wait_on_results(
        collection_id=name,
        request=request,
    )
  File "c:\Users\kai\anaconda3\envs\cosmos-wind-cnn\Lib\site-packages\ecmwf\datastores\client.py", line 430, in submit_and_wait_on_results
    return self._retrieve_api.submit(collection_id, request).get_results()
           ~~~~~~~~~~~~~~~~~~~~~~~~~^^^^^^^^^^^^^^^^^^^^^^^^
  File "c:\Users\kai\anaconda3\envs\cosmos-wind-cnn\Lib\site-packages\ecmwf\datastores\processing.py", line 753, in submit
    return self.get_process(collection_id).submit(request)
           ~~~~~~~~~~~~~~~~^^^^^^^^^^^^^^^
  File "c:\Users\kai\anaconda3\envs\cosmos-wind-cnn\Lib\site-packages\ecmwf\datastores\processing.py", line 742, in get_process
    return Process.from_request("get", url, **self._request_kwargs)
           ~~~~~~~~~~~~~~~~~~~~^^^^^^^^^^^^^^^^^^^^^^^^^^^^^^^^^^^^
  File "c:\Users\kai\anaconda3\envs\cosmos-wind-cnn\Lib\site-packages\ecmwf\datastores\processing.py", line 171, in from_request
    response = robust_request(
        method, url, headers=headers, **request_options, **kwargs
    )
  File "c:\Users\kai\anaconda3\envs\cosmos-wind-cnn\Lib\site-packages\multiurl\http.py", line 495, in wrapped
    r = call(main_url, *args, **kwargs)
  File "c:\Users\kai\anaconda3\envs\cosmos-wind-cnn\Lib\site-packages\requests\sessions.py", line 651, in request
    resp = self.send(prep, **send_kwargs)
  File "c:\Users\kai\anaconda3\envs\cosmos-wind-cnn\Lib\site-packages\requests\sessions.py", line 784, in send
    r = adapter.send(request, **kwargs)
  File "c:\Users\kai\anaconda3\envs\cosmos-wind-cnn\Lib\site-packages\requests\adapters.py", line 668, in send
    self.cert_verify(conn, request.url, verify, cert)
    ~~~~~~~~~~~~~~~~^^^^^^^^^^^^^^^^^^^^^^^^^^^^^^^^^
  File "c:\Users\kai\anaconda3\envs\cosmos-wind-cnn\Lib\site-packages\requests\adapters.py", line 332, in cert_verify
    raise OSError(
    ...<2 lines>...
    )
OSError: Could not find a suitable TLS CA certificate bundle, invalid path: c:\Users\kai\anaconda3\envs\cosmos-wind-cnn\Lib\site-packages\certifi\cacert.pem
2026-08-02 10:40:54 [ERROR] DownloadLogger: Failed ERA5 request 1968-06: Could not find a suitable TLS CA certificate bundle, invalid path: c:\Users\kai\anaconda3\envs\cosmos-wind-cnn\Lib\site-packages\certifi\cacert.pem
Traceback (most recent call last):
  File "C:\Users\kai\Documents\Github\cosmos-wind-cnn\src\cosmos_wind_cnn\data\era5_download.py", line 68, in retrieve_month
    client.retrieve(dataset, request, target)
    ~~~~~~~~~~~~~~~^^^^^^^^^^^^^^^^^^^^^^^^^^
  File "c:\Users\kai\anaconda3\envs\cosmos-wind-cnn\Lib\site-packages\ecmwf\datastores\legacy_client.py", line 167, in retrieve
    submitted = self.client.submit_and_wait_on_results(
        collection_id=name,
        request=request,
    )
  File "c:\Users\kai\anaconda3\envs\cosmos-wind-cnn\Lib\site-packages\ecmwf\datastores\client.py", line 430, in submit_and_wait_on_results
    return self._retrieve_api.submit(collection_id, request).get_results()
           ~~~~~~~~~~~~~~~~~~~~~~~~~^^^^^^^^^^^^^^^^^^^^^^^^
  File "c:\Users\kai\anaconda3\envs\cosmos-wind-cnn\Lib\site-packages\ecmwf\datastores\processing.py", line 753, in submit
    return self.get_process(collection_id).submit(request)
           ~~~~~~~~~~~~~~~~^^^^^^^^^^^^^^^
  File "c:\Users\kai\anaconda3\envs\cosmos-wind-cnn\Lib\site-packages\ecmwf\datastores\processing.py", line 742, in get_process
    return Process.from_request("get", url, **self._request_kwargs)
           ~~~~~~~~~~~~~~~~~~~~^^^^^^^^^^^^^^^^^^^^^^^^^^^^^^^^^^^^
  File "c:\Users\kai\anaconda3\envs\cosmos-wind-cnn\Lib\site-packages\ecmwf\datastores\processing.py", line 171, in from_request
    response = robust_request(
        method, url, headers=headers, **request_options, **kwargs
    )
  File "c:\Users\kai\anaconda3\envs\cosmos-wind-cnn\Lib\site-packages\multiurl\http.py", line 495, in wrapped
    r = call(main_url, *args, **kwargs)
  File "c:\Users\kai\anaconda3\envs\cosmos-wind-cnn\Lib\site-packages\requests\sessions.py", line 651, in request
    resp = self.send(prep, **send_kwargs)
  File "c:\Users\kai\anaconda3\envs\cosmos-wind-cnn\Lib\site-packages\requests\sessions.py", line 784, in send
    r = adapter.send(request, **kwargs)
  File "c:\Users\kai\anaconda3\envs\cosmos-wind-cnn\Lib\site-packages\requests\adapters.py", line 668, in send
    self.cert_verify(conn, request.url, verify, cert)
    ~~~~~~~~~~~~~~~~^^^^^^^^^^^^^^^^^^^^^^^^^^^^^^^^^
  File "c:\Users\kai\anaconda3\envs\cosmos-wind-cnn\Lib\site-packages\requests\adapters.py", line 332, in cert_verify
    raise OSError(
    ...<2 lines>...
    )
OSError: Could not find a suitable TLS CA certificate bundle, invalid path: c:\Users\kai\anaconda3\envs\cosmos-wind-cnn\Lib\site-packages\certifi\cacert.pem
2026-08-02 10:40:54 [INFO] DownloadLogger: Requesting ERA5 1968-07
2026-08-02 10:40:54 [ERROR] DownloadLogger: ERA5 download failed: Could not find a suitable TLS CA certificate bundle, invalid path: c:\Users\kai\anaconda3\envs\cosmos-wind-cnn\Lib\site-packages\certifi\cacert.pem
Traceback (most recent call last):
  File "C:\Users\kai\Documents\Github\cosmos-wind-cnn\src\cosmos_wind_cnn\data\era5_download.py", line 171, in download_era5
    result = fut.result()
  File "c:\Users\kai\anaconda3\envs\cosmos-wind-cnn\Lib\concurrent\futures\_base.py", line 443, in result
    return self.__get_result()
           ~~~~~~~~~~~~~~~~~^^
  File "c:\Users\kai\anaconda3\envs\cosmos-wind-cnn\Lib\concurrent\futures\_base.py", line 395, in __get_result
    raise self._exception
  File "c:\Users\kai\anaconda3\envs\cosmos-wind-cnn\Lib\concurrent\futures\thread.py", line 86, in run
    result = ctx.run(self.task)
  File "c:\Users\kai\anaconda3\envs\cosmos-wind-cnn\Lib\concurrent\futures\thread.py", line 73, in run
    return fn(*args, **kwargs)
  File "C:\Users\kai\Documents\Github\cosmos-wind-cnn\src\cosmos_wind_cnn\data\era5_download.py", line 68, in retrieve_month
    client.retrieve(dataset, request, target)
    ~~~~~~~~~~~~~~~^^^^^^^^^^^^^^^^^^^^^^^^^^
  File "c:\Users\kai\anaconda3\envs\cosmos-wind-cnn\Lib\site-packages\ecmwf\datastores\legacy_client.py", line 167, in retrieve
    submitted = self.client.submit_and_wait_on_results(
        collection_id=name,
        request=request,
    )
  File "c:\Users\kai\anaconda3\envs\cosmos-wind-cnn\Lib\site-packages\ecmwf\datastores\client.py", line 430, in submit_and_wait_on_results
    return self._retrieve_api.submit(collection_id, request).get_results()
           ~~~~~~~~~~~~~~~~~~~~~~~~~^^^^^^^^^^^^^^^^^^^^^^^^
  File "c:\Users\kai\anaconda3\envs\cosmos-wind-cnn\Lib\site-packages\ecmwf\datastores\processing.py", line 753, in submit
    return self.get_process(collection_id).submit(request)
           ~~~~~~~~~~~~~~~~^^^^^^^^^^^^^^^
  File "c:\Users\kai\anaconda3\envs\cosmos-wind-cnn\Lib\site-packages\ecmwf\datastores\processing.py", line 742, in get_process
    return Process.from_request("get", url, **self._request_kwargs)
           ~~~~~~~~~~~~~~~~~~~~^^^^^^^^^^^^^^^^^^^^^^^^^^^^^^^^^^^^
  File "c:\Users\kai\anaconda3\envs\cosmos-wind-cnn\Lib\site-packages\ecmwf\datastores\processing.py", line 171, in from_request
    response = robust_request(
        method, url, headers=headers, **request_options, **kwargs
    )
  File "c:\Users\kai\anaconda3\envs\cosmos-wind-cnn\Lib\site-packages\multiurl\http.py", line 495, in wrapped
    r = call(main_url, *args, **kwargs)
  File "c:\Users\kai\anaconda3\envs\cosmos-wind-cnn\Lib\site-packages\requests\sessions.py", line 651, in request
    resp = self.send(prep, **send_kwargs)
  File "c:\Users\kai\anaconda3\envs\cosmos-wind-cnn\Lib\site-packages\requests\sessions.py", line 784, in send
    r = adapter.send(request, **kwargs)
  File "c:\Users\kai\anaconda3\envs\cosmos-wind-cnn\Lib\site-packages\requests\adapters.py", line 668, in send
    self.cert_verify(conn, request.url, verify, cert)
    ~~~~~~~~~~~~~~~~^^^^^^^^^^^^^^^^^^^^^^^^^^^^^^^^^
  File "c:\Users\kai\anaconda3\envs\cosmos-wind-cnn\Lib\site-packages\requests\adapters.py", line 332, in cert_verify
    raise OSError(
    ...<2 lines>...
    )
OSError: Could not find a suitable TLS CA certificate bundle, invalid path: c:\Users\kai\anaconda3\envs\cosmos-wind-cnn\Lib\site-packages\certifi\cacert.pem
2026-08-02 10:59:46 [INFO] DownloadLogger: Completed ERA5 1966-09: ..\case_studies\puget_sound\data\raw\ERA5\ERA5_PNW_1966_09.nc
2026-08-02 10:59:46 [INFO] DownloadLogger: Requesting ERA5 1968-08
