2026-05-13 16:02:53 [INFO] DownloadLogger: Starting conus404 download...
2026-05-13 16:03:41 [INFO] DownloadLogger: Starting conus404 download...
2026-05-13 16:03:41 [INFO] DownloadLogger: Starting CONUS404 subset extraction.
2026-05-13 16:03:41 [INFO] DownloadLogger: Output directory: case_studies\puget_sound\data\raw\conus404
2026-05-13 16:03:43 [INFO] DownloadLogger: Initializing Dask LocalCluster (workers=19)...
2026-05-13 16:03:50 [INFO] DownloadLogger: Dask dashboard available at: http://127.0.0.1:8787/status
2026-05-13 16:03:50 [INFO] DownloadLogger: Loading HyTEST Intake catalog...
2026-05-13 16:08:11 [INFO] DownloadLogger: Starting conus404 download...
2026-05-13 16:08:11 [INFO] DownloadLogger: Starting CONUS404 subset extraction.
2026-05-13 16:08:11 [INFO] DownloadLogger: Output directory: case_studies\puget_sound\data\raw\conus404
2026-05-13 16:08:13 [INFO] DownloadLogger: Initializing Dask LocalCluster (workers=19)...
2026-05-13 16:08:19 [INFO] DownloadLogger: Dask dashboard available at: http://127.0.0.1:8787/status
2026-05-13 16:08:19 [INFO] DownloadLogger: Loading HyTEST Intake catalog...
2026-05-13 16:08:21 [INFO] DownloadLogger: Loading dataset: conus404-hourly-osn
2026-05-13 16:15:59 [INFO] DownloadLogger: Starting conus404 download...
2026-05-13 16:15:59 [INFO] DownloadLogger: Starting CONUS404 subset extraction.
2026-05-13 16:15:59 [INFO] DownloadLogger: Output directory: case_studies\puget_sound\data\raw\conus404
2026-05-13 16:16:01 [INFO] DownloadLogger: Initializing Dask LocalCluster (workers=19)...
2026-05-13 16:16:07 [INFO] DownloadLogger: Dask dashboard available at: http://127.0.0.1:8787/status
2026-05-13 16:16:07 [INFO] DownloadLogger: Loading HyTEST Intake catalog...
2026-05-13 16:16:09 [INFO] DownloadLogger: Loading dataset: conus404-hourly-osn
2026-05-13 16:18:53 [INFO] DownloadLogger: Starting conus404 download...
2026-05-13 16:18:53 [INFO] DownloadLogger: Starting CONUS404 subset extraction.
2026-05-13 16:18:53 [INFO] DownloadLogger: Output directory: case_studies\puget_sound\data\raw\conus404
2026-05-13 16:18:54 [INFO] DownloadLogger: Initializing Dask LocalCluster (workers=19)...
2026-05-13 16:19:01 [INFO] DownloadLogger: Dask dashboard available at: http://127.0.0.1:8787/status
2026-05-13 16:19:01 [INFO] DownloadLogger: Loading HyTEST Intake catalog...
2026-05-13 16:19:02 [INFO] DownloadLogger: Loading dataset: conus404-hourly-osn
2026-05-13 16:19:15 [INFO] DownloadLogger: Performing spatial subset...
2026-05-13 16:22:03 [INFO] DownloadLogger: Starting conus404 download...
2026-05-13 16:22:03 [INFO] DownloadLogger: Starting CONUS404 subset extraction.
2026-05-13 16:22:03 [INFO] DownloadLogger: Output directory: case_studies\puget_sound\data\raw\conus404
2026-05-13 16:22:05 [INFO] DownloadLogger: Initializing Dask LocalCluster (workers=19)...
2026-05-13 16:22:12 [INFO] DownloadLogger: Dask dashboard available at: http://127.0.0.1:8787/status
2026-05-13 16:22:12 [INFO] DownloadLogger: Loading HyTEST Intake catalog...
2026-05-13 16:22:14 [INFO] DownloadLogger: Loading dataset: conus404-hourly-osn
2026-05-13 16:22:27 [INFO] DownloadLogger: Performing spatial subset...
2026-05-13 16:22:34 [INFO] DownloadLogger: Extracting spatial slice...
